******************************************************************************
                  TI ARM Linker Unix v16.9.3                   
******************************************************************************
>> Linked Sat Oct 14 21:02:46 2017

OUTPUT FILE NAME:   <adc_lab4.out>
ENTRY POINT SYMBOL: "_c_int00"  address: 000006bd


MEMORY CONFIGURATION

         name            origin    length      used     unused   attr    fill
----------------------  --------  ---------  --------  --------  ----  --------
  MAIN                  00000000   00040000  0000084c  0003f7b4  R  X
  INFO                  00200000   00004000  00000000  00004000  R  X
  SRAM_CODE             01000000   00010000  0000021c  0000fde4  RW X
  SRAM_DATA             20000000   00010000  0000021c  0000fde4  RW  


SEGMENT ALLOCATION MAP

run origin  load origin   length   init length attrs members
----------  ----------- ---------- ----------- ----- -------
00000000    00000000    00000850   00000850    r-x
  00000000    00000000    000000e4   000000e4    r-- .intvecs
  000000e4    000000e4    00000740   00000740    r-x .text
  00000828    00000828    00000028   00000028    r-- .cinit
20000000    20000000    0000001c   00000000    rw-
  20000000    20000000    0000001c   00000000    rw- .data
2000fe00    2000fe00    00000200   00000000    rw-
  2000fe00    2000fe00    00000200   00000000    rw- .stack


SECTION ALLOCATION MAP

 output                                  attributes/
section   page    origin      length       input sections
--------  ----  ----------  ----------   ----------------
.intvecs   0    00000000    000000e4     
                  00000000    000000e4     startup_msp432p401r_ccs.obj (.intvecs:retain)

.text      0    000000e4    00000740     
                  000000e4    0000032c     system_msp432p401r.obj (.text)
                  00000410    00000138     adc_driver.obj (.text)
                  00000548    0000009c     rtsv7M4_T_le_v4SPD16_eabi.lib : memcpy_t2.obj (.text)
                  000005e4    00000070                                   : autoinit.obj (.text)
                  00000654    00000068                                   : copy_decompress_lzss.obj (.text:decompress:lzss)
                  000006bc    00000054                                   : boot.obj (.text)
                  00000710    00000054                                   : exit.obj (.text)
                  00000764    0000004c                                   : cpy_tbl.obj (.text)
                  000007b0    00000024     main.obj (.text)
                  000007d4    00000018     rtsv7M4_T_le_v4SPD16_eabi.lib : args_main.obj (.text)
                  000007ec    00000014                                   : _lock.obj (.text)
                  00000800    0000000e                                   : copy_decompress_none.obj (.text:decompress:none)
                  0000080e    0000000e     startup_msp432p401r_ccs.obj (.text)
                  0000081c    00000004     rtsv7M4_T_le_v4SPD16_eabi.lib : pre_init.obj (.text)
                  00000820    00000002                                   : mpu_init.obj (.text)
                  00000822    00000002                                   : startup.obj (.text)

.cinit     0    00000828    00000028     
                  00000828    00000015     (.cinit..data.load) [load image, compression = lzss]
                  0000083d    00000003     --HOLE-- [fill = 0]
                  00000840    00000008     (__TI_handler_table)
                  00000848    00000008     (__TI_cinit_table)

.init_array 
*          0    00000000    00000000     UNINITIALIZED

.binit     0    00000000    00000000     

.data      0    20000000    0000001c     UNINITIALIZED
                  20000000    0000000c     rtsv7M4_T_le_v4SPD16_eabi.lib : exit.obj (.data:$O1$$)
                  2000000c    00000008                                   : _lock.obj (.data:$O1$$)
                  20000014    00000004                                   : stkdepth_vars.obj (.data)
                  20000018    00000004     system_msp432p401r.obj (.data)

.stack     0    2000fe00    00000200     UNINITIALIZED
                  2000fe00    00000200     --HOLE--

MODULE SUMMARY

       Module                        code   ro data   rw data
       ------                        ----   -------   -------
    ./
       system_msp432p401r.obj        812    0         8      
       adc_driver.obj                312    0         0      
       startup_msp432p401r_ccs.obj   14     228       0      
       main.obj                      36     0         0      
    +--+-----------------------------+------+---------+---------+
       Total:                        1174   228       8      
                                                             
    /home/kk/ti/ccsv7/tools/compiler/ti-cgt-arm_16.9.3.LTS/lib/rtsv7M4_T_le_v4SPD16_eabi.lib
       memcpy_t2.obj                 156    0         0      
       autoinit.obj                  112    0         0      
       exit.obj                      84     0         24     
       copy_decompress_lzss.obj      104    0         0      
       boot.obj                      84     0         0      
       cpy_tbl.obj                   76     0         0      
       _lock.obj                     20     0         16     
       args_main.obj                 24     0         0      
       copy_decompress_none.obj      14     0         0      
       stkdepth_vars.obj             0      0         8      
       pre_init.obj                  4      0         0      
       mpu_init.obj                  2      0         0      
       startup.obj                   2      0         0      
    +--+-----------------------------+------+---------+---------+
       Total:                        682    0         48     
                                                             
       Stack:                        0      0         1024   
       Linker Generated:             0      37        0      
    +--+-----------------------------+------+---------+---------+
       Grand Total:                  1856   265       1080   


LINKER GENERATED COPY TABLES

__TI_cinit_table @ 00000848 records: 1, size/record: 8, table size: 8
	.data: load addr=00000828, load size=00000015 bytes, run addr=20000000, run size=0000001c bytes, compression=lzss


LINKER GENERATED HANDLER TABLE

__TI_handler_table @ 00000840 records: 2, size/record: 4, table size: 8
	index: 0, handler: __TI_decompress_lzss
	index: 1, handler: __TI_decompress_none


GLOBAL SYMBOLS: SORTED ALPHABETICALLY BY Name 

address   name                           
-------   ----                           
000004a3  ADC14_IRQHandler               
000004a3  ADC14_IRQHandler               
0000043d  ADC_CONFIG                     
0000081b  AES256_IRQHandler              
0000081b  BusFault_Handler               
00000711  C$$EXIT                        
0000081b  COMP_E0_IRQHandler             
0000081b  COMP_E1_IRQHandler             
0000081b  CS_IRQHandler                  
0000081b  DMA_ERR_IRQHandler             
0000081b  DMA_INT0_IRQHandler            
0000081b  DMA_INT1_IRQHandler            
0000081b  DMA_INT2_IRQHandler            
0000081b  DMA_INT3_IRQHandler            
0000081b  DebugMon_Handler               
0000081b  Default_Handler                
0000081b  EUSCIA0_IRQHandler             
0000081b  EUSCIA1_IRQHandler             
0000081b  EUSCIA2_IRQHandler             
0000081b  EUSCIA3_IRQHandler             
0000081b  EUSCIB0_IRQHandler             
0000081b  EUSCIB1_IRQHandler             
0000081b  EUSCIB2_IRQHandler             
0000081b  EUSCIB3_IRQHandler             
0000081b  FLCTL_IRQHandler               
0000081b  FPU_IRQHandler                 
0000081b  HardFault_Handler              
0000081b  MemManage_Handler              
0000081b  NMI_Handler                    
0000081b  PCM_IRQHandler                 
0000081b  PORT1_IRQHandler               
0000081b  PORT2_IRQHandler               
0000081b  PORT3_IRQHandler               
0000081b  PORT4_IRQHandler               
0000081b  PORT5_IRQHandler               
0000081b  PORT6_IRQHandler               
0000081b  PSS_IRQHandler                 
0000081b  PendSV_Handler                 
0000081b  RTC_C_IRQHandler               
0000080f  Reset_Handler                  
UNDEFED   SHT$$INIT_ARRAY$$Base          
UNDEFED   SHT$$INIT_ARRAY$$Limit         
0000081b  SVC_Handler                    
0000081b  SysTick_Handler                
20000018  SystemCoreClock                
000000e5  SystemCoreClockUpdate          
00000359  SystemInit                     
0000081b  T32_INT1_IRQHandler            
0000081b  T32_INT2_IRQHandler            
0000081b  T32_INTC_IRQHandler            
0000081b  TA0_0_IRQHandler               
0000081b  TA0_N_IRQHandler               
0000081b  TA1_0_IRQHandler               
0000081b  TA1_N_IRQHandler               
0000081b  TA2_0_IRQHandler               
0000081b  TA2_N_IRQHandler               
0000081b  TA3_0_IRQHandler               
0000081b  TA3_N_IRQHandler               
0000081b  UsageFault_Handler             
4000480c  WDTCTL_SYM                     
0000081b  WDT_A_IRQHandler               
20010000  __STACK_END                    
00000200  __STACK_SIZE                   
00000848  __TI_CINIT_Base                
00000850  __TI_CINIT_Limit               
00000840  __TI_Handler_Table_Base        
00000848  __TI_Handler_Table_Limit       
000005e5  __TI_auto_init                 
20000000  __TI_cleanup_ptr               
00000655  __TI_decompress_lzss           
00000801  __TI_decompress_none           
20000004  __TI_dtors_ptr                 
20000008  __TI_enable_exit_profile_output
ffffffff  __TI_pprof_out_hndl            
ffffffff  __TI_prof_data_size            
ffffffff  __TI_prof_data_start           
00000000  __TI_static_base__             
00000549  __aeabi_memcpy                 
00000549  __aeabi_memcpy4                
00000549  __aeabi_memcpy8                
ffffffff  __binit__                      
ffffffff  __c_args__                     
00000821  __mpu_init                     
2000fe00  __stack                        
000007d5  _args_main                     
000006bd  _c_int00                       
2000000c  _lock                          
000007fb  _nop                           
000007f3  _register_lock                 
000007ed  _register_unlock               
00000823  _system_post_cinit             
0000081d  _system_pre_init               
20000010  _unlock                        
00000715  abort                          
ffffffff  binit                          
00000765  copy_in                        
0000071d  exit                           
00000000  interruptVectors               
000007b1  main                           
20000014  main_func_sp                   
00000549  memcpy                         


GLOBAL SYMBOLS: SORTED BY Symbol Address 

address   name                           
-------   ----                           
00000000  __TI_static_base__             
00000000  interruptVectors               
000000e5  SystemCoreClockUpdate          
00000200  __STACK_SIZE                   
00000359  SystemInit                     
0000043d  ADC_CONFIG                     
000004a3  ADC14_IRQHandler               
000004a3  ADC14_IRQHandler               
00000549  __aeabi_memcpy                 
00000549  __aeabi_memcpy4                
00000549  __aeabi_memcpy8                
00000549  memcpy                         
000005e5  __TI_auto_init                 
00000655  __TI_decompress_lzss           
000006bd  _c_int00                       
00000711  C$$EXIT                        
00000715  abort                          
0000071d  exit                           
00000765  copy_in                        
000007b1  main                           
000007d5  _args_main                     
000007ed  _register_unlock               
000007f3  _register_lock                 
000007fb  _nop                           
00000801  __TI_decompress_none           
0000080f  Reset_Handler                  
0000081b  AES256_IRQHandler              
0000081b  BusFault_Handler               
0000081b  COMP_E0_IRQHandler             
0000081b  COMP_E1_IRQHandler             
0000081b  CS_IRQHandler                  
0000081b  DMA_ERR_IRQHandler             
0000081b  DMA_INT0_IRQHandler            
0000081b  DMA_INT1_IRQHandler            
0000081b  DMA_INT2_IRQHandler            
0000081b  DMA_INT3_IRQHandler            
0000081b  DebugMon_Handler               
0000081b  Default_Handler                
0000081b  EUSCIA0_IRQHandler             
0000081b  EUSCIA1_IRQHandler             
0000081b  EUSCIA2_IRQHandler             
0000081b  EUSCIA3_IRQHandler             
0000081b  EUSCIB0_IRQHandler             
0000081b  EUSCIB1_IRQHandler             
0000081b  EUSCIB2_IRQHandler             
0000081b  EUSCIB3_IRQHandler             
0000081b  FLCTL_IRQHandler               
0000081b  FPU_IRQHandler                 
0000081b  HardFault_Handler              
0000081b  MemManage_Handler              
0000081b  NMI_Handler                    
0000081b  PCM_IRQHandler                 
0000081b  PORT1_IRQHandler               
0000081b  PORT2_IRQHandler               
0000081b  PORT3_IRQHandler               
0000081b  PORT4_IRQHandler               
0000081b  PORT5_IRQHandler               
0000081b  PORT6_IRQHandler               
0000081b  PSS_IRQHandler                 
0000081b  PendSV_Handler                 
0000081b  RTC_C_IRQHandler               
0000081b  SVC_Handler                    
0000081b  SysTick_Handler                
0000081b  T32_INT1_IRQHandler            
0000081b  T32_INT2_IRQHandler            
0000081b  T32_INTC_IRQHandler            
0000081b  TA0_0_IRQHandler               
0000081b  TA0_N_IRQHandler               
0000081b  TA1_0_IRQHandler               
0000081b  TA1_N_IRQHandler               
0000081b  TA2_0_IRQHandler               
0000081b  TA2_N_IRQHandler               
0000081b  TA3_0_IRQHandler               
0000081b  TA3_N_IRQHandler               
0000081b  UsageFault_Handler             
0000081b  WDT_A_IRQHandler               
0000081d  _system_pre_init               
00000821  __mpu_init                     
00000823  _system_post_cinit             
00000840  __TI_Handler_Table_Base        
00000848  __TI_CINIT_Base                
00000848  __TI_Handler_Table_Limit       
00000850  __TI_CINIT_Limit               
20000000  __TI_cleanup_ptr               
20000004  __TI_dtors_ptr                 
20000008  __TI_enable_exit_profile_output
2000000c  _lock                          
20000010  _unlock                        
20000014  main_func_sp                   
20000018  SystemCoreClock                
2000fe00  __stack                        
20010000  __STACK_END                    
4000480c  WDTCTL_SYM                     
ffffffff  __TI_pprof_out_hndl            
ffffffff  __TI_prof_data_size            
ffffffff  __TI_prof_data_start           
ffffffff  __binit__                      
ffffffff  __c_args__                     
ffffffff  binit                          
UNDEFED   SHT$$INIT_ARRAY$$Base          
UNDEFED   SHT$$INIT_ARRAY$$Limit         

[101 symbols]
