******************************************************************************
                  TI ARM Linker PC v16.9.4                     
******************************************************************************
>> Linked Sun Oct 22 19:41:17 2017

OUTPUT FILE NAME:   <adc_lab4.out>
ENTRY POINT SYMBOL: "_c_int00"  address: 000010cd


MEMORY CONFIGURATION

         name            origin    length      used     unused   attr    fill
----------------------  --------  ---------  --------  --------  ----  --------
  MAIN                  00000000   00040000  00001262  0003ed9e  R  X
  INFO                  00200000   00004000  00000000  00004000  R  X
  SRAM_CODE             01000000   00010000  00000648  0000f9b8  RW X
  SRAM_DATA             20000000   00010000  00000648  0000f9b8  RW  


SEGMENT ALLOCATION MAP

run origin  load origin   length   init length attrs members
----------  ----------- ---------- ----------- ----- -------
00000000    00000000    00001268   00001268    r-x
  00000000    00000000    000000e4   000000e4    r-- .intvecs
  000000e4    000000e4    00001136   00001136    r-x .text
  00001220    00001220    00000048   00000048    r-- .cinit
20000000    20000000    00000448   00000000    rw-
  20000000    20000000    00000400   00000000    rw- .sysmem
  20000400    20000400    00000030   00000000    rw- .data
  20000430    20000430    00000018   00000000    rw- .bss
2000fe00    2000fe00    00000200   00000000    rw-
  2000fe00    2000fe00    00000200   00000000    rw- .stack


SECTION ALLOCATION MAP

 output                                  attributes/
section   page    origin      length       input sections
--------  ----  ----------  ----------   ----------------
.intvecs   0    00000000    000000e4     
                  00000000    000000e4     startup_msp432p401r_ccs.obj (.intvecs:retain)

.binit     0    00000000    00000000     

.text      0    000000e4    00001136     
                  000000e4    000003d0     rtsv7M4_T_le_v4SPD16_eabi.lib : memory.obj (.text)
                  000004b4    0000032c     system_msp432p401r.obj (.text)
                  000007e0    000002bc     Circular_Buffer_8_bit.obj (.text)
                  00000a9c    000001e0     uart.obj (.text)
                  00000c7c    000000fc     timer.obj (.text)
                  00000d78    000000d0     adc_driver.obj (.text)
                  00000e48    0000009c     rtsv7M4_T_le_v4SPD16_eabi.lib : memcpy_t2.obj (.text)
                  00000ee4    00000094     main.obj (.text)
                  00000f78    0000007a     rtsv7M4_T_le_v4SPD16_eabi.lib : memset_t2.obj (.text)
                  00000ff2    00000002                                   : mpu_init.obj (.text)
                  00000ff4    00000070                                   : autoinit.obj (.text)
                  00001064    00000068                                   : copy_decompress_lzss.obj (.text:decompress:lzss)
                  000010cc    00000054                                   : boot.obj (.text)
                  00001120    00000054                                   : exit.obj (.text)
                  00001174    0000004c                                   : cpy_tbl.obj (.text)
                  000011c0    00000018                                   : args_main.obj (.text)
                  000011d8    00000014                                   : _lock.obj (.text)
                  000011ec    0000000e                                   : copy_decompress_none.obj (.text:decompress:none)
                  000011fa    0000000e     startup_msp432p401r_ccs.obj (.text)
                  00001208    0000000c     rtsv7M4_T_le_v4SPD16_eabi.lib : copy_zero_init.obj (.text:decompress:ZI)
                  00001214    00000004                                   : pre_init.obj (.text)
                  00001218    00000002                                   : startup.obj (.text)

.cinit     0    00001220    00000048     
                  00001220    00000023     (.cinit..data.load) [load image, compression = lzss]
                  00001243    00000001     --HOLE-- [fill = 0]
                  00001244    0000000c     (__TI_handler_table)
                  00001250    00000008     (.cinit..bss.load) [load image, compression = zero_init]
                  00001258    00000010     (__TI_cinit_table)

.init_array 
*          0    00000000    00000000     UNINITIALIZED

.sysmem    0    20000000    00000400     UNINITIALIZED
                  20000000    00000008     rtsv7M4_T_le_v4SPD16_eabi.lib : memory.obj (.sysmem)
                  20000008    000003f8     --HOLE--

.data      0    20000400    00000030     UNINITIALIZED
                  20000400    0000000c     rtsv7M4_T_le_v4SPD16_eabi.lib : exit.obj (.data:$O1$$)
                  2000040c    0000000c                                   : memory.obj (.data:$O1$$)
                  20000418    00000008                                   : _lock.obj (.data:$O1$$)
                  20000420    00000008     main.obj (.data)
                  20000428    00000004     rtsv7M4_T_le_v4SPD16_eabi.lib : stkdepth_vars.obj (.data)
                  2000042c    00000004     system_msp432p401r.obj (.data)

.bss       0    20000430    00000018     UNINITIALIZED
                  20000430    00000018     (.common:myBuffer)

.stack     0    2000fe00    00000200     UNINITIALIZED
                  2000fe00    00000200     --HOLE--

MODULE SUMMARY

       Module                        code   ro data   rw data
       ------                        ----   -------   -------
    .\
       system_msp432p401r.obj        812    0         8      
       Circular_Buffer_8_bit.obj     700    0         0      
       uart.obj                      480    0         0      
       timer.obj                     252    0         0      
       startup_msp432p401r_ccs.obj   14     228       0      
       main.obj                      148    0         64     
       adc_driver.obj                208    0         0      
    +--+-----------------------------+------+---------+---------+
       Total:                        2614   228       72     
                                                             
    C:\Users\kwat1\Documents\ccsv7\tools\compiler\ti-cgt-arm_16.9.4.LTS\lib\rtsv7M4_T_le_v4SPD16_eabi.lib
       memory.obj                    976    0         24     
       memcpy_t2.obj                 156    0         0      
       memset_t2.obj                 122    0         0      
       autoinit.obj                  112    0         0      
       exit.obj                      84     0         24     
       copy_decompress_lzss.obj      104    0         0      
       boot.obj                      84     0         0      
       cpy_tbl.obj                   76     0         0      
       _lock.obj                     20     0         16     
       args_main.obj                 24     0         0      
       copy_decompress_none.obj      14     0         0      
       copy_zero_init.obj            12     0         0      
       stkdepth_vars.obj             0      0         8      
       pre_init.obj                  4      0         0      
       mpu_init.obj                  2      0         0      
       startup.obj                   2      0         0      
    +--+-----------------------------+------+---------+---------+
       Total:                        1792   0         72     
                                                             
       Heap:                         0      0         2048   
       Stack:                        0      0         1024   
       Linker Generated:             0      71        0      
    +--+-----------------------------+------+---------+---------+
       Grand Total:                  4406   299       3216   


LINKER GENERATED COPY TABLES

__TI_cinit_table @ 00001258 records: 2, size/record: 8, table size: 16
	.data: load addr=00001220, load size=00000023 bytes, run addr=20000400, run size=00000030 bytes, compression=lzss
	.bss: load addr=00001250, load size=00000008 bytes, run addr=20000430, run size=00000018 bytes, compression=zero_init


LINKER GENERATED HANDLER TABLE

__TI_handler_table @ 00001244 records: 3, size/record: 4, table size: 12
	index: 0, handler: __TI_decompress_lzss
	index: 1, handler: __TI_decompress_none
	index: 2, handler: __TI_zero_init


GLOBAL SYMBOLS: SORTED ALPHABETICALLY BY Name 

address   name                           
-------   ----                           
00000df7  ADC14_IRQHandler               
00000df7  ADC14_IRQHandler               
00000da5  ADC_CONFIG                     
00001207  AES256_IRQHandler              
00001207  BusFault_Handler               
00001121  C$$EXIT                        
00001207  COMP_E0_IRQHandler             
00001207  COMP_E1_IRQHandler             
00001207  CS_IRQHandler                  
20000421  Calculate_Stats                
00001207  DMA_ERR_IRQHandler             
00001207  DMA_INT0_IRQHandler            
00001207  DMA_INT1_IRQHandler            
00001207  DMA_INT2_IRQHandler            
00001207  DMA_INT3_IRQHandler            
00001207  DebugMon_Handler               
00001207  Default_Handler                
00000be1  EUSCIA0_IRQHandler             
00000be1  EUSCIA0_IRQHandler             
00001207  EUSCIA1_IRQHandler             
00001207  EUSCIA2_IRQHandler             
00001207  EUSCIA3_IRQHandler             
00001207  EUSCIB0_IRQHandler             
00001207  EUSCIB1_IRQHandler             
00001207  EUSCIB2_IRQHandler             
00001207  EUSCIB3_IRQHandler             
20000420  FLAG_Collect_Data              
00001207  FLCTL_IRQHandler               
00001207  FPU_IRQHandler                 
00001207  HardFault_Handler              
00001207  MemManage_Handler              
00001207  NMI_Handler                    
00001207  PCM_IRQHandler                 
00001207  PORT1_IRQHandler               
00001207  PORT2_IRQHandler               
00001207  PORT3_IRQHandler               
00001207  PORT4_IRQHandler               
00001207  PORT5_IRQHandler               
00001207  PORT6_IRQHandler               
00001207  PSS_IRQHandler                 
00001207  PendSV_Handler                 
00001207  RTC_C_IRQHandler               
000011fb  Reset_Handler                  
UNDEFED   SHT$$INIT_ARRAY$$Base          
UNDEFED   SHT$$INIT_ARRAY$$Limit         
00001207  SVC_Handler                    
00001207  SysTick_Handler                
2000042c  SystemCoreClock                
000004b5  SystemCoreClockUpdate          
00000729  SystemInit                     
00001207  T32_INT1_IRQHandler            
00001207  T32_INT2_IRQHandler            
00001207  T32_INTC_IRQHandler            
00000ce7  TA0_0_IRQHandler               
00000ce7  TA0_0_IRQHandler               
00000d17  TA0_N_IRQHandler               
00000d17  TA0_N_IRQHandler               
00001207  TA1_0_IRQHandler               
00001207  TA1_N_IRQHandler               
00001207  TA2_0_IRQHandler               
00001207  TA2_N_IRQHandler               
00001207  TA3_0_IRQHandler               
00001207  TA3_N_IRQHandler               
00000aff  UART_config                    
00000b87  UART_putchar                   
00000ba3  UART_putchar_n                 
00001207  UsageFault_Handler             
4000480c  WDTCTL_SYM                     
00001207  WDT_A_IRQHandler               
20010000  __STACK_END                    
00000200  __STACK_SIZE                   
00000400  __SYSMEM_SIZE                  
00001258  __TI_CINIT_Base                
00001268  __TI_CINIT_Limit               
00001244  __TI_Handler_Table_Base        
00001250  __TI_Handler_Table_Limit       
00000ff5  __TI_auto_init                 
20000400  __TI_cleanup_ptr               
00001065  __TI_decompress_lzss           
000011ed  __TI_decompress_none           
20000404  __TI_dtors_ptr                 
20000408  __TI_enable_exit_profile_output
ffffffff  __TI_pprof_out_hndl            
ffffffff  __TI_prof_data_size            
ffffffff  __TI_prof_data_start           
00000000  __TI_static_base__             
00001209  __TI_zero_init                 
00000f79  __aeabi_memclr                 
00000f79  __aeabi_memclr4                
00000f79  __aeabi_memclr8                
00000e49  __aeabi_memcpy                 
00000e49  __aeabi_memcpy4                
00000e49  __aeabi_memcpy8                
00000f7b  __aeabi_memset                 
00000f7b  __aeabi_memset4                
00000f7b  __aeabi_memset8                
ffffffff  __binit__                      
ffffffff  __c_args__                     
00000ff3  __mpu_init                     
2000fe00  __stack                        
000011c1  _args_main                     
000010cd  _c_int00                       
20000418  _lock                          
000011e7  _nop                           
000011df  _register_lock                 
000011d9  _register_unlock               
20000000  _sys_memory                    
00001219  _system_post_cinit             
00001215  _system_pre_init               
2000041c  _unlock                        
00001125  abort                          
00000833  add_To_Buffer                  
ffffffff  binit                          
00000485  calloc                         
00000a23  clear_Buffer                   
00000ac9  configure_clocks               
00001175  copy_in                        
00000995  currentSize                    
0000112d  exit                           
000001cf  free                           
000007e1  initialize_Circ_Buffer         
00000000  interruptVectors               
0000097f  is_Circ_Buf_Empty              
00000963  is_Circ_Buf_Full               
00000ee5  main                           
20000428  main_func_sp                   
00000165  malloc                         
00000399  memalign                       
00000e49  memcpy                         
00000f81  memset                         
000000e5  minit                          
20000430  myBuffer                       
20000424  myBufferPTR                    
000009a5  print                          
00000291  realloc                        
000008c5  remove_From_Buffer             
00000ca9  timer_a0_config                


GLOBAL SYMBOLS: SORTED BY Symbol Address 

address   name                           
-------   ----                           
00000000  __TI_static_base__             
00000000  interruptVectors               
000000e5  minit                          
00000165  malloc                         
000001cf  free                           
00000200  __STACK_SIZE                   
00000291  realloc                        
00000399  memalign                       
00000400  __SYSMEM_SIZE                  
00000485  calloc                         
000004b5  SystemCoreClockUpdate          
00000729  SystemInit                     
000007e1  initialize_Circ_Buffer         
00000833  add_To_Buffer                  
000008c5  remove_From_Buffer             
00000963  is_Circ_Buf_Full               
0000097f  is_Circ_Buf_Empty              
00000995  currentSize                    
000009a5  print                          
00000a23  clear_Buffer                   
00000ac9  configure_clocks               
00000aff  UART_config                    
00000b87  UART_putchar                   
00000ba3  UART_putchar_n                 
00000be1  EUSCIA0_IRQHandler             
00000be1  EUSCIA0_IRQHandler             
00000ca9  timer_a0_config                
00000ce7  TA0_0_IRQHandler               
00000ce7  TA0_0_IRQHandler               
00000d17  TA0_N_IRQHandler               
00000d17  TA0_N_IRQHandler               
00000da5  ADC_CONFIG                     
00000df7  ADC14_IRQHandler               
00000df7  ADC14_IRQHandler               
00000e49  __aeabi_memcpy                 
00000e49  __aeabi_memcpy4                
00000e49  __aeabi_memcpy8                
00000e49  memcpy                         
00000ee5  main                           
00000f79  __aeabi_memclr                 
00000f79  __aeabi_memclr4                
00000f79  __aeabi_memclr8                
00000f7b  __aeabi_memset                 
00000f7b  __aeabi_memset4                
00000f7b  __aeabi_memset8                
00000f81  memset                         
00000ff3  __mpu_init                     
00000ff5  __TI_auto_init                 
00001065  __TI_decompress_lzss           
000010cd  _c_int00                       
00001121  C$$EXIT                        
00001125  abort                          
0000112d  exit                           
00001175  copy_in                        
000011c1  _args_main                     
000011d9  _register_unlock               
000011df  _register_lock                 
000011e7  _nop                           
000011ed  __TI_decompress_none           
000011fb  Reset_Handler                  
00001207  AES256_IRQHandler              
00001207  BusFault_Handler               
00001207  COMP_E0_IRQHandler             
00001207  COMP_E1_IRQHandler             
00001207  CS_IRQHandler                  
00001207  DMA_ERR_IRQHandler             
00001207  DMA_INT0_IRQHandler            
00001207  DMA_INT1_IRQHandler            
00001207  DMA_INT2_IRQHandler            
00001207  DMA_INT3_IRQHandler            
00001207  DebugMon_Handler               
00001207  Default_Handler                
00001207  EUSCIA1_IRQHandler             
00001207  EUSCIA2_IRQHandler             
00001207  EUSCIA3_IRQHandler             
00001207  EUSCIB0_IRQHandler             
00001207  EUSCIB1_IRQHandler             
00001207  EUSCIB2_IRQHandler             
00001207  EUSCIB3_IRQHandler             
00001207  FLCTL_IRQHandler               
00001207  FPU_IRQHandler                 
00001207  HardFault_Handler              
00001207  MemManage_Handler              
00001207  NMI_Handler                    
00001207  PCM_IRQHandler                 
00001207  PORT1_IRQHandler               
00001207  PORT2_IRQHandler               
00001207  PORT3_IRQHandler               
00001207  PORT4_IRQHandler               
00001207  PORT5_IRQHandler               
00001207  PORT6_IRQHandler               
00001207  PSS_IRQHandler                 
00001207  PendSV_Handler                 
00001207  RTC_C_IRQHandler               
00001207  SVC_Handler                    
00001207  SysTick_Handler                
00001207  T32_INT1_IRQHandler            
00001207  T32_INT2_IRQHandler            
00001207  T32_INTC_IRQHandler            
00001207  TA1_0_IRQHandler               
00001207  TA1_N_IRQHandler               
00001207  TA2_0_IRQHandler               
00001207  TA2_N_IRQHandler               
00001207  TA3_0_IRQHandler               
00001207  TA3_N_IRQHandler               
00001207  UsageFault_Handler             
00001207  WDT_A_IRQHandler               
00001209  __TI_zero_init                 
00001215  _system_pre_init               
00001219  _system_post_cinit             
00001244  __TI_Handler_Table_Base        
00001250  __TI_Handler_Table_Limit       
00001258  __TI_CINIT_Base                
00001268  __TI_CINIT_Limit               
20000000  _sys_memory                    
20000400  __TI_cleanup_ptr               
20000404  __TI_dtors_ptr                 
20000408  __TI_enable_exit_profile_output
20000418  _lock                          
2000041c  _unlock                        
20000420  FLAG_Collect_Data              
20000421  Calculate_Stats                
20000424  myBufferPTR                    
20000428  main_func_sp                   
2000042c  SystemCoreClock                
20000430  myBuffer                       
2000fe00  __stack                        
20010000  __STACK_END                    
4000480c  WDTCTL_SYM                     
ffffffff  __TI_pprof_out_hndl            
ffffffff  __TI_prof_data_size            
ffffffff  __TI_prof_data_start           
ffffffff  __binit__                      
ffffffff  __c_args__                     
ffffffff  binit                          
UNDEFED   SHT$$INIT_ARRAY$$Base          
UNDEFED   SHT$$INIT_ARRAY$$Limit         

[137 symbols]
