******************************************************************************
                  TI ARM Linker PC v16.9.4                     
******************************************************************************
>> Linked Mon Oct 23 12:24:07 2017

OUTPUT FILE NAME:   <adc_lab4.out>
ENTRY POINT SYMBOL: "_c_int00"  address: 00001271


MEMORY CONFIGURATION

         name            origin    length      used     unused   attr    fill
----------------------  --------  ---------  --------  --------  ----  --------
  MAIN                  00000000   00040000  0000140e  0003ebf2  R  X
  INFO                  00200000   00004000  00000000  00004000  R  X
  SRAM_CODE             01000000   00010000  00000650  0000f9b0  RW X
  SRAM_DATA             20000000   00010000  00000650  0000f9b0  RW  


SEGMENT ALLOCATION MAP

run origin  load origin   length   init length attrs members
----------  ----------- ---------- ----------- ----- -------
00000000    00000000    00001410   00001410    r-x
  00000000    00000000    000000e4   000000e4    r-- .intvecs
  000000e4    000000e4    000012da   000012da    r-x .text
  000013c0    000013c0    00000050   00000050    r-- .cinit
20000000    20000000    00000450   00000000    rw-
  20000000    20000000    00000400   00000000    rw- .sysmem
  20000400    20000400    00000038   00000000    rw- .data
  20000438    20000438    00000018   00000000    rw- .bss
2000fe00    2000fe00    00000200   00000000    rw-
  2000fe00    2000fe00    00000200   00000000    rw- .stack


SECTION ALLOCATION MAP

 output                                  attributes/
section   page    origin      length       input sections
--------  ----  ----------  ----------   ----------------
.intvecs   0    00000000    000000e4     
                  00000000    000000e4     startup_msp432p401r_ccs.obj (.intvecs:retain)

.binit     0    00000000    00000000     

.text      0    000000e4    000012da     
                  000000e4    000003d0     rtsv7M4_T_le_v4SPD16_eabi.lib : memory.obj (.text)
                  000004b4    0000032c     system_msp432p401r.obj (.text)
                  000007e0    000002bc     Circular_Buffer_8_bit.obj (.text)
                  00000a9c    00000268     adc_driver.obj (.text)
                  00000d04    000001dc     uart.obj (.text)
                  00000ee0    000000fc     timer.obj (.text)
                  00000fdc    000000a4     main.obj (.text)
                  00001080    0000009c     rtsv7M4_T_le_v4SPD16_eabi.lib : memcpy_t2.obj (.text)
                  0000111c    0000007a                                   : memset_t2.obj (.text)
                  00001196    00000002                                   : mpu_init.obj (.text)
                  00001198    00000070                                   : autoinit.obj (.text)
                  00001208    00000068                                   : copy_decompress_lzss.obj (.text:decompress:lzss)
                  00001270    00000054                                   : boot.obj (.text)
                  000012c4    00000054                                   : exit.obj (.text)
                  00001318    0000004c                                   : cpy_tbl.obj (.text)
                  00001364    00000018                                   : args_main.obj (.text)
                  0000137c    00000014                                   : _lock.obj (.text)
                  00001390    0000000e                                   : copy_decompress_none.obj (.text:decompress:none)
                  0000139e    0000000e     startup_msp432p401r_ccs.obj (.text)
                  000013ac    0000000c     rtsv7M4_T_le_v4SPD16_eabi.lib : copy_zero_init.obj (.text:decompress:ZI)
                  000013b8    00000004                                   : pre_init.obj (.text)
                  000013bc    00000002                                   : startup.obj (.text)

.cinit     0    000013c0    00000050     
                  000013c0    0000002a     (.cinit..data.load) [load image, compression = lzss]
                  000013ea    00000002     --HOLE-- [fill = 0]
                  000013ec    0000000c     (__TI_handler_table)
                  000013f8    00000008     (.cinit..bss.load) [load image, compression = zero_init]
                  00001400    00000010     (__TI_cinit_table)

.init_array 
*          0    00000000    00000000     UNINITIALIZED

.sysmem    0    20000000    00000400     UNINITIALIZED
                  20000000    00000008     rtsv7M4_T_le_v4SPD16_eabi.lib : memory.obj (.sysmem)
                  20000008    000003f8     --HOLE--

.data      0    20000400    00000038     UNINITIALIZED
                  20000400    00000010     main.obj (.data)
                  20000410    0000000c     rtsv7M4_T_le_v4SPD16_eabi.lib : exit.obj (.data:$O1$$)
                  2000041c    0000000c                                   : memory.obj (.data:$O1$$)
                  20000428    00000008                                   : _lock.obj (.data:$O1$$)
                  20000430    00000004                                   : stkdepth_vars.obj (.data)
                  20000434    00000004     system_msp432p401r.obj (.data)

.bss       0    20000438    00000018     UNINITIALIZED
                  20000438    00000018     (.common:myBuffer)

.stack     0    2000fe00    00000200     UNINITIALIZED
                  2000fe00    00000200     --HOLE--

MODULE SUMMARY

       Module                        code   ro data   rw data
       ------                        ----   -------   -------
    .\
       system_msp432p401r.obj        812    0         8      
       Circular_Buffer_8_bit.obj     700    0         0      
       adc_driver.obj                616    0         0      
       uart.obj                      476    0         0      
       timer.obj                     252    0         0      
       main.obj                      164    0         80     
       startup_msp432p401r_ccs.obj   14     228       0      
    +--+-----------------------------+------+---------+---------+
       Total:                        3034   228       88     
                                                             
    C:\Users\kwat1\Documents\ccsv7\tools\compiler\ti-cgt-arm_16.9.4.LTS\lib\rtsv7M4_T_le_v4SPD16_eabi.lib
       memory.obj                    976    0         24     
       memcpy_t2.obj                 156    0         0      
       memset_t2.obj                 122    0         0      
       autoinit.obj                  112    0         0      
       exit.obj                      84     0         24     
       copy_decompress_lzss.obj      104    0         0      
       boot.obj                      84     0         0      
       cpy_tbl.obj                   76     0         0      
       _lock.obj                     20     0         16     
       args_main.obj                 24     0         0      
       copy_decompress_none.obj      14     0         0      
       copy_zero_init.obj            12     0         0      
       stkdepth_vars.obj             0      0         8      
       pre_init.obj                  4      0         0      
       mpu_init.obj                  2      0         0      
       startup.obj                   2      0         0      
    +--+-----------------------------+------+---------+---------+
       Total:                        1792   0         72     
                                                             
       Heap:                         0      0         2048   
       Stack:                        0      0         1024   
       Linker Generated:             0      78        0      
    +--+-----------------------------+------+---------+---------+
       Grand Total:                  4826   306       3232   


LINKER GENERATED COPY TABLES

__TI_cinit_table @ 00001400 records: 2, size/record: 8, table size: 16
	.data: load addr=000013c0, load size=0000002a bytes, run addr=20000400, run size=00000038 bytes, compression=lzss
	.bss: load addr=000013f8, load size=00000008 bytes, run addr=20000438, run size=00000018 bytes, compression=zero_init


LINKER GENERATED HANDLER TABLE

__TI_handler_table @ 000013ec records: 3, size/record: 4, table size: 12
	index: 0, handler: __TI_decompress_lzss
	index: 1, handler: __TI_decompress_none
	index: 2, handler: __TI_zero_init


GLOBAL SYMBOLS: SORTED ALPHABETICALLY BY Name 

address   name                           
-------   ----                           
00000c53  ADC14_IRQHandler               
00000c53  ADC14_IRQHandler               
00000ac9  ADC_CONFIG                     
00000b1b  ADC_CONFIG_Accelerometer       
00000bb7  ADC_CONFIG_Joystick            
000013ab  AES256_IRQHandler              
000013ab  BusFault_Handler               
000012c5  C$$EXIT                        
000013ab  COMP_E0_IRQHandler             
000013ab  COMP_E1_IRQHandler             
000013ab  CS_IRQHandler                  
20000401  Calculate_Stats                
000013ab  DMA_ERR_IRQHandler             
000013ab  DMA_INT0_IRQHandler            
000013ab  DMA_INT1_IRQHandler            
000013ab  DMA_INT2_IRQHandler            
000013ab  DMA_INT3_IRQHandler            
000013ab  DebugMon_Handler               
000013ab  Default_Handler                
00000e49  EUSCIA0_IRQHandler             
00000e49  EUSCIA0_IRQHandler             
000013ab  EUSCIA1_IRQHandler             
000013ab  EUSCIA2_IRQHandler             
000013ab  EUSCIA3_IRQHandler             
000013ab  EUSCIB0_IRQHandler             
000013ab  EUSCIB1_IRQHandler             
000013ab  EUSCIB2_IRQHandler             
000013ab  EUSCIB3_IRQHandler             
20000400  FLAG_Collect_Data              
000013ab  FLCTL_IRQHandler               
000013ab  FPU_IRQHandler                 
000013ab  HardFault_Handler              
000013ab  MemManage_Handler              
2000040e  NADC_Temperature               
000013ab  NMI_Handler                    
000013ab  PCM_IRQHandler                 
000013ab  PORT1_IRQHandler               
000013ab  PORT2_IRQHandler               
000013ab  PORT3_IRQHandler               
000013ab  PORT4_IRQHandler               
000013ab  PORT5_IRQHandler               
000013ab  PORT6_IRQHandler               
000013ab  PSS_IRQHandler                 
000013ab  PendSV_Handler                 
000013ab  RTC_C_IRQHandler               
0000139f  Reset_Handler                  
UNDEFED   SHT$$INIT_ARRAY$$Base          
UNDEFED   SHT$$INIT_ARRAY$$Limit         
000013ab  SVC_Handler                    
000013ab  SysTick_Handler                
20000434  SystemCoreClock                
000004b5  SystemCoreClockUpdate          
00000729  SystemInit                     
000013ab  T32_INT1_IRQHandler            
000013ab  T32_INT2_IRQHandler            
000013ab  T32_INTC_IRQHandler            
00000f4b  TA0_0_IRQHandler               
00000f4b  TA0_0_IRQHandler               
00000f7b  TA0_N_IRQHandler               
00000f7b  TA0_N_IRQHandler               
000013ab  TA1_0_IRQHandler               
000013ab  TA1_N_IRQHandler               
000013ab  TA2_0_IRQHandler               
000013ab  TA2_N_IRQHandler               
000013ab  TA3_0_IRQHandler               
000013ab  TA3_N_IRQHandler               
00000d67  UART_config                    
00000def  UART_putchar                   
00000e0b  UART_putchar_n                 
000013ab  UsageFault_Handler             
4000480c  WDTCTL_SYM                     
000013ab  WDT_A_IRQHandler               
20000408  X_ADC                          
2000040a  Y_ADC                          
2000040c  Z_ADC                          
20010000  __STACK_END                    
00000200  __STACK_SIZE                   
00000400  __SYSMEM_SIZE                  
00001400  __TI_CINIT_Base                
00001410  __TI_CINIT_Limit               
000013ec  __TI_Handler_Table_Base        
000013f8  __TI_Handler_Table_Limit       
00001199  __TI_auto_init                 
20000410  __TI_cleanup_ptr               
00001209  __TI_decompress_lzss           
00001391  __TI_decompress_none           
20000414  __TI_dtors_ptr                 
20000418  __TI_enable_exit_profile_output
ffffffff  __TI_pprof_out_hndl            
ffffffff  __TI_prof_data_size            
ffffffff  __TI_prof_data_start           
00000000  __TI_static_base__             
000013ad  __TI_zero_init                 
0000111d  __aeabi_memclr                 
0000111d  __aeabi_memclr4                
0000111d  __aeabi_memclr8                
00001081  __aeabi_memcpy                 
00001081  __aeabi_memcpy4                
00001081  __aeabi_memcpy8                
0000111f  __aeabi_memset                 
0000111f  __aeabi_memset4                
0000111f  __aeabi_memset8                
ffffffff  __binit__                      
ffffffff  __c_args__                     
00001197  __mpu_init                     
2000fe00  __stack                        
00001365  _args_main                     
00001271  _c_int00                       
20000428  _lock                          
0000138b  _nop                           
00001383  _register_lock                 
0000137d  _register_unlock               
20000000  _sys_memory                    
000013bd  _system_post_cinit             
000013b9  _system_pre_init               
2000042c  _unlock                        
000012c9  abort                          
00000835  add_To_Buffer                  
ffffffff  binit                          
00000485  calloc                         
00000a25  clear_Buffer                   
00000d31  configure_clocks               
00001319  copy_in                        
00000999  currentSize                    
000012d1  exit                           
000001cf  free                           
000007e1  initialize_Circ_Buffer         
00000000  interruptVectors               
00000983  is_Circ_Buf_Empty              
00000967  is_Circ_Buf_Full               
00000fdd  main                           
20000430  main_func_sp                   
00000165  malloc                         
00000399  memalign                       
00001081  memcpy                         
00001125  memset                         
000000e5  minit                          
20000438  myBuffer                       
20000404  myBufferPTR                    
000009a7  print                          
00000291  realloc                        
000008c5  remove_From_Buffer             
00000f0d  timer_a0_config                


GLOBAL SYMBOLS: SORTED BY Symbol Address 

address   name                           
-------   ----                           
00000000  __TI_static_base__             
00000000  interruptVectors               
000000e5  minit                          
00000165  malloc                         
000001cf  free                           
00000200  __STACK_SIZE                   
00000291  realloc                        
00000399  memalign                       
00000400  __SYSMEM_SIZE                  
00000485  calloc                         
000004b5  SystemCoreClockUpdate          
00000729  SystemInit                     
000007e1  initialize_Circ_Buffer         
00000835  add_To_Buffer                  
000008c5  remove_From_Buffer             
00000967  is_Circ_Buf_Full               
00000983  is_Circ_Buf_Empty              
00000999  currentSize                    
000009a7  print                          
00000a25  clear_Buffer                   
00000ac9  ADC_CONFIG                     
00000b1b  ADC_CONFIG_Accelerometer       
00000bb7  ADC_CONFIG_Joystick            
00000c53  ADC14_IRQHandler               
00000c53  ADC14_IRQHandler               
00000d31  configure_clocks               
00000d67  UART_config                    
00000def  UART_putchar                   
00000e0b  UART_putchar_n                 
00000e49  EUSCIA0_IRQHandler             
00000e49  EUSCIA0_IRQHandler             
00000f0d  timer_a0_config                
00000f4b  TA0_0_IRQHandler               
00000f4b  TA0_0_IRQHandler               
00000f7b  TA0_N_IRQHandler               
00000f7b  TA0_N_IRQHandler               
00000fdd  main                           
00001081  __aeabi_memcpy                 
00001081  __aeabi_memcpy4                
00001081  __aeabi_memcpy8                
00001081  memcpy                         
0000111d  __aeabi_memclr                 
0000111d  __aeabi_memclr4                
0000111d  __aeabi_memclr8                
0000111f  __aeabi_memset                 
0000111f  __aeabi_memset4                
0000111f  __aeabi_memset8                
00001125  memset                         
00001197  __mpu_init                     
00001199  __TI_auto_init                 
00001209  __TI_decompress_lzss           
00001271  _c_int00                       
000012c5  C$$EXIT                        
000012c9  abort                          
000012d1  exit                           
00001319  copy_in                        
00001365  _args_main                     
0000137d  _register_unlock               
00001383  _register_lock                 
0000138b  _nop                           
00001391  __TI_decompress_none           
0000139f  Reset_Handler                  
000013ab  AES256_IRQHandler              
000013ab  BusFault_Handler               
000013ab  COMP_E0_IRQHandler             
000013ab  COMP_E1_IRQHandler             
000013ab  CS_IRQHandler                  
000013ab  DMA_ERR_IRQHandler             
000013ab  DMA_INT0_IRQHandler            
000013ab  DMA_INT1_IRQHandler            
000013ab  DMA_INT2_IRQHandler            
000013ab  DMA_INT3_IRQHandler            
000013ab  DebugMon_Handler               
000013ab  Default_Handler                
000013ab  EUSCIA1_IRQHandler             
000013ab  EUSCIA2_IRQHandler             
000013ab  EUSCIA3_IRQHandler             
000013ab  EUSCIB0_IRQHandler             
000013ab  EUSCIB1_IRQHandler             
000013ab  EUSCIB2_IRQHandler             
000013ab  EUSCIB3_IRQHandler             
000013ab  FLCTL_IRQHandler               
000013ab  FPU_IRQHandler                 
000013ab  HardFault_Handler              
000013ab  MemManage_Handler              
000013ab  NMI_Handler                    
000013ab  PCM_IRQHandler                 
000013ab  PORT1_IRQHandler               
000013ab  PORT2_IRQHandler               
000013ab  PORT3_IRQHandler               
000013ab  PORT4_IRQHandler               
000013ab  PORT5_IRQHandler               
000013ab  PORT6_IRQHandler               
000013ab  PSS_IRQHandler                 
000013ab  PendSV_Handler                 
000013ab  RTC_C_IRQHandler               
000013ab  SVC_Handler                    
000013ab  SysTick_Handler                
000013ab  T32_INT1_IRQHandler            
000013ab  T32_INT2_IRQHandler            
000013ab  T32_INTC_IRQHandler            
000013ab  TA1_0_IRQHandler               
000013ab  TA1_N_IRQHandler               
000013ab  TA2_0_IRQHandler               
000013ab  TA2_N_IRQHandler               
000013ab  TA3_0_IRQHandler               
000013ab  TA3_N_IRQHandler               
000013ab  UsageFault_Handler             
000013ab  WDT_A_IRQHandler               
000013ad  __TI_zero_init                 
000013b9  _system_pre_init               
000013bd  _system_post_cinit             
000013ec  __TI_Handler_Table_Base        
000013f8  __TI_Handler_Table_Limit       
00001400  __TI_CINIT_Base                
00001410  __TI_CINIT_Limit               
20000000  _sys_memory                    
20000400  FLAG_Collect_Data              
20000401  Calculate_Stats                
20000404  myBufferPTR                    
20000408  X_ADC                          
2000040a  Y_ADC                          
2000040c  Z_ADC                          
2000040e  NADC_Temperature               
20000410  __TI_cleanup_ptr               
20000414  __TI_dtors_ptr                 
20000418  __TI_enable_exit_profile_output
20000428  _lock                          
2000042c  _unlock                        
20000430  main_func_sp                   
20000434  SystemCoreClock                
20000438  myBuffer                       
2000fe00  __stack                        
20010000  __STACK_END                    
4000480c  WDTCTL_SYM                     
ffffffff  __TI_pprof_out_hndl            
ffffffff  __TI_prof_data_size            
ffffffff  __TI_prof_data_start           
ffffffff  __binit__                      
ffffffff  __c_args__                     
ffffffff  binit                          
UNDEFED   SHT$$INIT_ARRAY$$Base          
UNDEFED   SHT$$INIT_ARRAY$$Limit         

[143 symbols]
