******************************************************************************
                  TI ARM Linker Unix v16.9.3                   
******************************************************************************
>> Linked Mon Oct 16 18:35:42 2017

OUTPUT FILE NAME:   <adc_lab4.out>
ENTRY POINT SYMBOL: "_c_int00"  address: 000006f5


MEMORY CONFIGURATION

         name            origin    length      used     unused   attr    fill
----------------------  --------  ---------  --------  --------  ----  --------
  MAIN                  00000000   00040000  00000884  0003f77c  R  X
  INFO                  00200000   00004000  00000000  00004000  R  X
  SRAM_CODE             01000000   00010000  0000021c  0000fde4  RW X
  SRAM_DATA             20000000   00010000  0000021c  0000fde4  RW  


SEGMENT ALLOCATION MAP

run origin  load origin   length   init length attrs members
----------  ----------- ---------- ----------- ----- -------
00000000    00000000    00000888   00000888    r-x
  00000000    00000000    000000e4   000000e4    r-- .intvecs
  000000e4    000000e4    00000778   00000778    r-x .text
  00000860    00000860    00000028   00000028    r-- .cinit
20000000    20000000    0000001c   00000000    rw-
  20000000    20000000    0000001c   00000000    rw- .data
2000fe00    2000fe00    00000200   00000000    rw-
  2000fe00    2000fe00    00000200   00000000    rw- .stack


SECTION ALLOCATION MAP

 output                                  attributes/
section   page    origin      length       input sections
--------  ----  ----------  ----------   ----------------
.intvecs   0    00000000    000000e4     
                  00000000    000000e4     startup_msp432p401r_ccs.obj (.intvecs:retain)

.text      0    000000e4    00000778     
                  000000e4    0000032c     system_msp432p401r.obj (.text)
                  00000410    00000170     adc_driver.obj (.text)
                  00000580    0000009c     rtsv7M4_T_le_v4SPD16_eabi.lib : memcpy_t2.obj (.text)
                  0000061c    00000070                                   : autoinit.obj (.text)
                  0000068c    00000068                                   : copy_decompress_lzss.obj (.text:decompress:lzss)
                  000006f4    00000054                                   : boot.obj (.text)
                  00000748    00000054                                   : exit.obj (.text)
                  0000079c    0000004c                                   : cpy_tbl.obj (.text)
                  000007e8    00000024     main.obj (.text)
                  0000080c    00000018     rtsv7M4_T_le_v4SPD16_eabi.lib : args_main.obj (.text)
                  00000824    00000014                                   : _lock.obj (.text)
                  00000838    0000000e                                   : copy_decompress_none.obj (.text:decompress:none)
                  00000846    0000000e     startup_msp432p401r_ccs.obj (.text)
                  00000854    00000004     rtsv7M4_T_le_v4SPD16_eabi.lib : pre_init.obj (.text)
                  00000858    00000002                                   : mpu_init.obj (.text)
                  0000085a    00000002                                   : startup.obj (.text)

.cinit     0    00000860    00000028     
                  00000860    00000015     (.cinit..data.load) [load image, compression = lzss]
                  00000875    00000003     --HOLE-- [fill = 0]
                  00000878    00000008     (__TI_handler_table)
                  00000880    00000008     (__TI_cinit_table)

.init_array 
*          0    00000000    00000000     UNINITIALIZED

.binit     0    00000000    00000000     

.data      0    20000000    0000001c     UNINITIALIZED
                  20000000    0000000c     rtsv7M4_T_le_v4SPD16_eabi.lib : exit.obj (.data:$O1$$)
                  2000000c    00000008                                   : _lock.obj (.data:$O1$$)
                  20000014    00000004                                   : stkdepth_vars.obj (.data)
                  20000018    00000004     system_msp432p401r.obj (.data)

.stack     0    2000fe00    00000200     UNINITIALIZED
                  2000fe00    00000200     --HOLE--

MODULE SUMMARY

       Module                        code   ro data   rw data
       ------                        ----   -------   -------
    ./
       system_msp432p401r.obj        812    0         8      
       adc_driver.obj                368    0         0      
       startup_msp432p401r_ccs.obj   14     228       0      
       main.obj                      36     0         0      
    +--+-----------------------------+------+---------+---------+
       Total:                        1230   228       8      
                                                             
    /home/kk/ti/ccsv7/tools/compiler/ti-cgt-arm_16.9.3.LTS/lib/rtsv7M4_T_le_v4SPD16_eabi.lib
       memcpy_t2.obj                 156    0         0      
       autoinit.obj                  112    0         0      
       exit.obj                      84     0         24     
       copy_decompress_lzss.obj      104    0         0      
       boot.obj                      84     0         0      
       cpy_tbl.obj                   76     0         0      
       _lock.obj                     20     0         16     
       args_main.obj                 24     0         0      
       copy_decompress_none.obj      14     0         0      
       stkdepth_vars.obj             0      0         8      
       pre_init.obj                  4      0         0      
       mpu_init.obj                  2      0         0      
       startup.obj                   2      0         0      
    +--+-----------------------------+------+---------+---------+
       Total:                        682    0         48     
                                                             
       Stack:                        0      0         1024   
       Linker Generated:             0      37        0      
    +--+-----------------------------+------+---------+---------+
       Grand Total:                  1912   265       1080   


LINKER GENERATED COPY TABLES

__TI_cinit_table @ 00000880 records: 1, size/record: 8, table size: 8
	.data: load addr=00000860, load size=00000015 bytes, run addr=20000000, run size=0000001c bytes, compression=lzss


LINKER GENERATED HANDLER TABLE

__TI_handler_table @ 00000878 records: 2, size/record: 4, table size: 8
	index: 0, handler: __TI_decompress_lzss
	index: 1, handler: __TI_decompress_none


GLOBAL SYMBOLS: SORTED ALPHABETICALLY BY Name 

address   name                           
-------   ----                           
000004cb  ADC14_IRQHandler               
000004cb  ADC14_IRQHandler               
0000043d  ADC_CONFIG                     
00000853  AES256_IRQHandler              
00000853  BusFault_Handler               
00000749  C$$EXIT                        
00000853  COMP_E0_IRQHandler             
00000853  COMP_E1_IRQHandler             
00000853  CS_IRQHandler                  
00000853  DMA_ERR_IRQHandler             
00000853  DMA_INT0_IRQHandler            
00000853  DMA_INT1_IRQHandler            
00000853  DMA_INT2_IRQHandler            
00000853  DMA_INT3_IRQHandler            
00000853  DebugMon_Handler               
00000853  Default_Handler                
00000853  EUSCIA0_IRQHandler             
00000853  EUSCIA1_IRQHandler             
00000853  EUSCIA2_IRQHandler             
00000853  EUSCIA3_IRQHandler             
00000853  EUSCIB0_IRQHandler             
00000853  EUSCIB1_IRQHandler             
00000853  EUSCIB2_IRQHandler             
00000853  EUSCIB3_IRQHandler             
00000853  FLCTL_IRQHandler               
00000853  FPU_IRQHandler                 
00000853  HardFault_Handler              
00000853  MemManage_Handler              
00000853  NMI_Handler                    
00000853  PCM_IRQHandler                 
00000853  PORT1_IRQHandler               
00000853  PORT2_IRQHandler               
00000853  PORT3_IRQHandler               
00000853  PORT4_IRQHandler               
00000853  PORT5_IRQHandler               
00000853  PORT6_IRQHandler               
00000853  PSS_IRQHandler                 
00000853  PendSV_Handler                 
00000853  RTC_C_IRQHandler               
00000847  Reset_Handler                  
UNDEFED   SHT$$INIT_ARRAY$$Base          
UNDEFED   SHT$$INIT_ARRAY$$Limit         
00000853  SVC_Handler                    
00000853  SysTick_Handler                
20000018  SystemCoreClock                
000000e5  SystemCoreClockUpdate          
00000359  SystemInit                     
00000853  T32_INT1_IRQHandler            
00000853  T32_INT2_IRQHandler            
00000853  T32_INTC_IRQHandler            
00000853  TA0_0_IRQHandler               
00000853  TA0_N_IRQHandler               
00000853  TA1_0_IRQHandler               
00000853  TA1_N_IRQHandler               
00000853  TA2_0_IRQHandler               
00000853  TA2_N_IRQHandler               
00000853  TA3_0_IRQHandler               
00000853  TA3_N_IRQHandler               
00000853  UsageFault_Handler             
4000480c  WDTCTL_SYM                     
00000853  WDT_A_IRQHandler               
20010000  __STACK_END                    
00000200  __STACK_SIZE                   
00000880  __TI_CINIT_Base                
00000888  __TI_CINIT_Limit               
00000878  __TI_Handler_Table_Base        
00000880  __TI_Handler_Table_Limit       
0000061d  __TI_auto_init                 
20000000  __TI_cleanup_ptr               
0000068d  __TI_decompress_lzss           
00000839  __TI_decompress_none           
20000004  __TI_dtors_ptr                 
20000008  __TI_enable_exit_profile_output
ffffffff  __TI_pprof_out_hndl            
ffffffff  __TI_prof_data_size            
ffffffff  __TI_prof_data_start           
00000000  __TI_static_base__             
00000581  __aeabi_memcpy                 
00000581  __aeabi_memcpy4                
00000581  __aeabi_memcpy8                
ffffffff  __binit__                      
ffffffff  __c_args__                     
00000859  __mpu_init                     
2000fe00  __stack                        
0000080d  _args_main                     
000006f5  _c_int00                       
2000000c  _lock                          
00000833  _nop                           
0000082b  _register_lock                 
00000825  _register_unlock               
0000085b  _system_post_cinit             
00000855  _system_pre_init               
20000010  _unlock                        
0000074d  abort                          
ffffffff  binit                          
0000079d  copy_in                        
00000755  exit                           
00000000  interruptVectors               
000007e9  main                           
20000014  main_func_sp                   
00000581  memcpy                         


GLOBAL SYMBOLS: SORTED BY Symbol Address 

address   name                           
-------   ----                           
00000000  __TI_static_base__             
00000000  interruptVectors               
000000e5  SystemCoreClockUpdate          
00000200  __STACK_SIZE                   
00000359  SystemInit                     
0000043d  ADC_CONFIG                     
000004cb  ADC14_IRQHandler               
000004cb  ADC14_IRQHandler               
00000581  __aeabi_memcpy                 
00000581  __aeabi_memcpy4                
00000581  __aeabi_memcpy8                
00000581  memcpy                         
0000061d  __TI_auto_init                 
0000068d  __TI_decompress_lzss           
000006f5  _c_int00                       
00000749  C$$EXIT                        
0000074d  abort                          
00000755  exit                           
0000079d  copy_in                        
000007e9  main                           
0000080d  _args_main                     
00000825  _register_unlock               
0000082b  _register_lock                 
00000833  _nop                           
00000839  __TI_decompress_none           
00000847  Reset_Handler                  
00000853  AES256_IRQHandler              
00000853  BusFault_Handler               
00000853  COMP_E0_IRQHandler             
00000853  COMP_E1_IRQHandler             
00000853  CS_IRQHandler                  
00000853  DMA_ERR_IRQHandler             
00000853  DMA_INT0_IRQHandler            
00000853  DMA_INT1_IRQHandler            
00000853  DMA_INT2_IRQHandler            
00000853  DMA_INT3_IRQHandler            
00000853  DebugMon_Handler               
00000853  Default_Handler                
00000853  EUSCIA0_IRQHandler             
00000853  EUSCIA1_IRQHandler             
00000853  EUSCIA2_IRQHandler             
00000853  EUSCIA3_IRQHandler             
00000853  EUSCIB0_IRQHandler             
00000853  EUSCIB1_IRQHandler             
00000853  EUSCIB2_IRQHandler             
00000853  EUSCIB3_IRQHandler             
00000853  FLCTL_IRQHandler               
00000853  FPU_IRQHandler                 
00000853  HardFault_Handler              
00000853  MemManage_Handler              
00000853  NMI_Handler                    
00000853  PCM_IRQHandler                 
00000853  PORT1_IRQHandler               
00000853  PORT2_IRQHandler               
00000853  PORT3_IRQHandler               
00000853  PORT4_IRQHandler               
00000853  PORT5_IRQHandler               
00000853  PORT6_IRQHandler               
00000853  PSS_IRQHandler                 
00000853  PendSV_Handler                 
00000853  RTC_C_IRQHandler               
00000853  SVC_Handler                    
00000853  SysTick_Handler                
00000853  T32_INT1_IRQHandler            
00000853  T32_INT2_IRQHandler            
00000853  T32_INTC_IRQHandler            
00000853  TA0_0_IRQHandler               
00000853  TA0_N_IRQHandler               
00000853  TA1_0_IRQHandler               
00000853  TA1_N_IRQHandler               
00000853  TA2_0_IRQHandler               
00000853  TA2_N_IRQHandler               
00000853  TA3_0_IRQHandler               
00000853  TA3_N_IRQHandler               
00000853  UsageFault_Handler             
00000853  WDT_A_IRQHandler               
00000855  _system_pre_init               
00000859  __mpu_init                     
0000085b  _system_post_cinit             
00000878  __TI_Handler_Table_Base        
00000880  __TI_CINIT_Base                
00000880  __TI_Handler_Table_Limit       
00000888  __TI_CINIT_Limit               
20000000  __TI_cleanup_ptr               
20000004  __TI_dtors_ptr                 
20000008  __TI_enable_exit_profile_output
2000000c  _lock                          
20000010  _unlock                        
20000014  main_func_sp                   
20000018  SystemCoreClock                
2000fe00  __stack                        
20010000  __STACK_END                    
4000480c  WDTCTL_SYM                     
ffffffff  __TI_pprof_out_hndl            
ffffffff  __TI_prof_data_size            
ffffffff  __TI_prof_data_start           
ffffffff  __binit__                      
ffffffff  __c_args__                     
ffffffff  binit                          
UNDEFED   SHT$$INIT_ARRAY$$Base          
UNDEFED   SHT$$INIT_ARRAY$$Limit         

[101 symbols]
