******************************************************************************
                  TI ARM Linker PC v16.9.4                     
******************************************************************************
>> Linked Tue Oct 24 13:55:11 2017

OUTPUT FILE NAME:   <adc_lab4.out>
ENTRY POINT SYMBOL: "_c_int00"  address: 00002aed


MEMORY CONFIGURATION

         name            origin    length      used     unused   attr    fill
----------------------  --------  ---------  --------  --------  ----  --------
  MAIN                  00000000   00040000  00002d68  0003d298  R  X
  INFO                  00200000   00004000  00000000  00004000  R  X
  SRAM_CODE             01000000   00010000  00000654  0000f9ac  RW X
  SRAM_DATA             20000000   00010000  00000654  0000f9ac  RW  


SEGMENT ALLOCATION MAP

run origin  load origin   length   init length attrs members
----------  ----------- ---------- ----------- ----- -------
00000000    00000000    00002d68   00002d68    r-x
  00000000    00000000    000000e4   000000e4    r-- .intvecs
  000000e4    000000e4    00002c04   00002c04    r-x .text
  00002ce8    00002ce8    00000030   00000030    r-- .const
  00002d18    00002d18    00000050   00000050    r-- .cinit
20000000    20000000    00000454   00000000    rw-
  20000000    20000000    00000400   00000000    rw- .sysmem
  20000400    20000400    0000003c   00000000    rw- .data
  2000043c    2000043c    00000018   00000000    rw- .bss
2000fe00    2000fe00    00000200   00000000    rw-
  2000fe00    2000fe00    00000200   00000000    rw- .stack


SECTION ALLOCATION MAP

 output                                  attributes/
section   page    origin      length       input sections
--------  ----  ----------  ----------   ----------------
.intvecs   0    00000000    000000e4     
                  00000000    000000e4     startup_msp432p401r_ccs.obj (.intvecs:retain)

.binit     0    00000000    00000000     

.text      0    000000e4    00002c04     
                  000000e4    000009ac     rtsv7M4_T_le_v4SPD16_eabi.lib : e_pow.obj (.text)
                  00000a90    00000430     circ_buffer_basic.obj (.text)
                  00000ec0    000003d0     rtsv7M4_T_le_v4SPD16_eabi.lib : memory.obj (.text)
                  00001290    000003b0     uart.obj (.text)
                  00001640    00000334     lab4.obj (.text)
                  00001974    0000032c     system_msp432p401r.obj (.text)
                  00001ca0    00000268     adc_driver.obj (.text)
                  00001f08    000001b6     rtsv7M4_T_le_v4SPD16_eabi.lib : fd_add_t2.obj (.text)
                  000020be    00000002                                   : mpu_init.obj (.text)
                  000020c0    00000170                                   : e_sqrt.obj (.text)
                  00002230    00000136                                   : fd_div_t2.obj (.text)
                  00002366    00000002                                   : startup.obj (.text)
                  00002368    00000124     main.obj (.text)
                  0000248c    000000fc     rtsv7M4_T_le_v4SPD16_eabi.lib : fd_mul_t2.obj (.text)
                  00002588    000000fc                                   : s_scalbn.obj (.text)
                  00002684    000000fc     timer.obj (.text)
                  00002780    0000009c     rtsv7M4_T_le_v4SPD16_eabi.lib : memcpy_t2.obj (.text)
                  0000281c    00000086                                   : fd_cmp_t2.obj (.text:__aeabi_cdcmple)
                  000028a2    00000086                                   : fd_cmp_t2.obj (.text:__aeabi_cdrcmple)
                  00002928    0000007a                                   : memset_t2.obj (.text)
                  000029a2    00000002     --HOLE-- [fill = 0]
                  000029a4    00000070                                   : autoinit.obj (.text)
                  00002a14    0000006e                                   : fd_tos_t2.obj (.text)
                  00002a82    00000068                                   : copy_decompress_lzss.obj (.text:decompress:lzss)
                  00002aea    00000002     --HOLE-- [fill = 0]
                  00002aec    00000054                                   : boot.obj (.text)
                  00002b40    00000054                                   : exit.obj (.text)
                  00002b94    0000004c                                   : cpy_tbl.obj (.text)
                  00002be0    00000038                                   : fs_tod_t2.obj (.text)
                  00002c18    0000002e                                   : i_tofd_t2.obj (.text)
                  00002c46    00000020                                   : u_tofd_t2.obj (.text)
                  00002c66    00000002     --HOLE-- [fill = 0]
                  00002c68    00000018                                   : args_main.obj (.text)
                  00002c80    00000014                                   : _lock.obj (.text)
                  00002c94    00000014                                   : s_copysign.obj (.text)
                  00002ca8    00000014                                   : strlen.obj (.text)
                  00002cbc    0000000e                                   : copy_decompress_none.obj (.text:decompress:none)
                  00002cca    0000000e     startup_msp432p401r_ccs.obj (.text)
                  00002cd8    0000000c     rtsv7M4_T_le_v4SPD16_eabi.lib : copy_zero_init.obj (.text:decompress:ZI)
                  00002ce4    00000004                                   : pre_init.obj (.text)

.const     0    00002ce8    00000030     
                  00002ce8    00000030     rtsv7M4_T_le_v4SPD16_eabi.lib : e_pow.obj (.const:$O1$$)

.cinit     0    00002d18    00000050     
                  00002d18    00000025     (.cinit..data.load) [load image, compression = lzss]
                  00002d3d    00000003     --HOLE-- [fill = 0]
                  00002d40    0000000c     (__TI_handler_table)
                  00002d4c    00000004     --HOLE-- [fill = 0]
                  00002d50    00000008     (.cinit..bss.load) [load image, compression = zero_init]
                  00002d58    00000010     (__TI_cinit_table)

.init_array 
*          0    00000000    00000000     UNINITIALIZED

.sysmem    0    20000000    00000400     UNINITIALIZED
                  20000000    00000008     rtsv7M4_T_le_v4SPD16_eabi.lib : memory.obj (.sysmem)
                  20000008    000003f8     --HOLE--

.data      0    20000400    0000003c     UNINITIALIZED
                  20000400    00000010     main.obj (.data)
                  20000410    0000000c     rtsv7M4_T_le_v4SPD16_eabi.lib : exit.obj (.data:$O1$$)
                  2000041c    0000000c                                   : memory.obj (.data:$O1$$)
                  20000428    00000008                                   : _lock.obj (.data:$O1$$)
                  20000430    00000004                                   : errno.obj (.data)
                  20000434    00000004                                   : stkdepth_vars.obj (.data)
                  20000438    00000004     system_msp432p401r.obj (.data)

.bss       0    2000043c    00000018     UNINITIALIZED
                  2000043c    00000018     (.common:myBuffer)

.stack     0    2000fe00    00000200     UNINITIALIZED
                  2000fe00    00000200     --HOLE--

MODULE SUMMARY

       Module                        code    ro data   rw data
       ------                        ----    -------   -------
    .\
       circ_buffer_basic.obj         1072    0         0      
       uart.obj                      944     0         0      
       lab4.obj                      820     0         0      
       system_msp432p401r.obj        812     0         8      
       adc_driver.obj                616     0         0      
       main.obj                      292     0         80     
       timer.obj                     252     0         0      
       startup_msp432p401r_ccs.obj   14      228       0      
    +--+-----------------------------+-------+---------+---------+
       Total:                        4822    228       88     
                                                              
    C:\Users\kwat1\Documents\ccsv7\tools\compiler\ti-cgt-arm_16.9.4.LTS\lib\rtsv7M4_T_le_v4SPD16_eabi.lib
       e_pow.obj                     2476    48        0      
       memory.obj                    976     0         24     
       fd_add_t2.obj                 438     0         0      
       e_sqrt.obj                    368     0         0      
       fd_div_t2.obj                 310     0         0      
       fd_cmp_t2.obj                 268     0         0      
       fd_mul_t2.obj                 252     0         0      
       s_scalbn.obj                  252     0         0      
       memcpy_t2.obj                 156     0         0      
       memset_t2.obj                 122     0         0      
       autoinit.obj                  112     0         0      
       fd_tos_t2.obj                 110     0         0      
       exit.obj                      84      0         24     
       copy_decompress_lzss.obj      104     0         0      
       boot.obj                      84      0         0      
       cpy_tbl.obj                   76      0         0      
       fs_tod_t2.obj                 56      0         0      
       i_tofd_t2.obj                 46      0         0      
       _lock.obj                     20      0         16     
       u_tofd_t2.obj                 32      0         0      
       args_main.obj                 24      0         0      
       s_copysign.obj                20      0         0      
       strlen.obj                    20      0         0      
       copy_decompress_none.obj      14      0         0      
       copy_zero_init.obj            12      0         0      
       errno.obj                     0       0         8      
       stkdepth_vars.obj             0       0         8      
       pre_init.obj                  4       0         0      
       mpu_init.obj                  2       0         0      
       startup.obj                   2       0         0      
    +--+-----------------------------+-------+---------+---------+
       Total:                        6440    48        80     
                                                              
       Heap:                         0       0         2048   
       Stack:                        0       0         1024   
       Linker Generated:             0       73        0      
    +--+-----------------------------+-------+---------+---------+
       Grand Total:                  11262   349       3240   


LINKER GENERATED COPY TABLES

__TI_cinit_table @ 00002d58 records: 2, size/record: 8, table size: 16
	.data: load addr=00002d18, load size=00000025 bytes, run addr=20000400, run size=0000003c bytes, compression=lzss
	.bss: load addr=00002d50, load size=00000008 bytes, run addr=2000043c, run size=00000018 bytes, compression=zero_init


LINKER GENERATED HANDLER TABLE

__TI_handler_table @ 00002d40 records: 3, size/record: 4, table size: 12
	index: 0, handler: __TI_decompress_lzss
	index: 1, handler: __TI_decompress_none
	index: 2, handler: __TI_zero_init


GLOBAL SYMBOLS: SORTED ALPHABETICALLY BY Name 

address   name                            
-------   ----                            
00001e57  ADC14_IRQHandler                
00001e57  ADC14_IRQHandler                
00001ccd  ADC_CONFIG                      
00001d1f  ADC_CONFIG_Accelerometer        
00001dbb  ADC_CONFIG_Joystick             
00002cd7  AES256_IRQHandler               
00002cd7  BusFault_Handler                
00001755  Button_Interrupt_Config         
00002b41  C$$EXIT                         
00002cd7  COMP_E0_IRQHandler              
00002cd7  COMP_E1_IRQHandler              
00002cd7  CS_IRQHandler                   
20000401  Calculate_Stats                 
00002cd7  DMA_ERR_IRQHandler              
00002cd7  DMA_INT0_IRQHandler             
00002cd7  DMA_INT1_IRQHandler             
00002cd7  DMA_INT2_IRQHandler             
00002cd7  DMA_INT3_IRQHandler             
00002cd7  DebugMon_Handler                
00002cd7  Default_Handler                 
000015b9  EUSCIA0_IRQHandler              
000015b9  EUSCIA0_IRQHandler              
00002cd7  EUSCIA1_IRQHandler              
00002cd7  EUSCIA2_IRQHandler              
00002cd7  EUSCIA3_IRQHandler              
00002cd7  EUSCIB0_IRQHandler              
00002cd7  EUSCIB1_IRQHandler              
00002cd7  EUSCIB2_IRQHandler              
00002cd7  EUSCIB3_IRQHandler              
20000400  FLAG_Collect_Data               
00002cd7  FLCTL_IRQHandler                
00002cd7  FPU_IRQHandler                  
00002cd7  HardFault_Handler               
00002cd7  MemManage_Handler               
2000040e  NADC_Temperature                
00002cd7  NMI_Handler                     
00002cd7  PCM_IRQHandler                  
00001885  PORT1_IRQHandler                
00001885  PORT1_IRQHandler                
00002cd7  PORT2_IRQHandler                
00002cd7  PORT3_IRQHandler                
00002cd7  PORT4_IRQHandler                
000018c7  PORT5_IRQHandler                
000018c7  PORT5_IRQHandler                
00002cd7  PORT6_IRQHandler                
00002cd7  PSS_IRQHandler                  
00002cd7  PendSV_Handler                  
00002cd7  RTC_C_IRQHandler                
00002ccb  Reset_Handler                   
UNDEFED   SHT$$INIT_ARRAY$$Base           
UNDEFED   SHT$$INIT_ARRAY$$Limit          
00002cd7  SVC_Handler                     
00002cd7  SysTick_Handler                 
20000438  SystemCoreClock                 
00001975  SystemCoreClockUpdate           
00001be9  SystemInit                      
00002cd7  T32_INT1_IRQHandler             
00002cd7  T32_INT2_IRQHandler             
00002cd7  T32_INTC_IRQHandler             
000026ef  TA0_0_IRQHandler                
000026ef  TA0_0_IRQHandler                
0000271f  TA0_N_IRQHandler                
0000271f  TA0_N_IRQHandler                
00002cd7  TA1_0_IRQHandler                
00002cd7  TA1_N_IRQHandler                
00002cd7  TA2_0_IRQHandler                
00002cd7  TA2_N_IRQHandler                
00002cd7  TA3_0_IRQHandler                
00002cd7  TA3_N_IRQHandler                
000016df  Temperature_from_voltage_Celsius
000012f3  UART_config                     
0000137b  UART_putchar                    
00001397  UART_putchar_n                  
00002cd7  UsageFault_Handler              
4000480c  WDTCTL_SYM                      
00002cd7  WDT_A_IRQHandler                
20000408  X_ADC                           
2000040a  Y_ADC                           
2000040c  Z_ADC                           
20010000  __STACK_END                     
00000200  __STACK_SIZE                    
00000400  __SYSMEM_SIZE                   
00002d58  __TI_CINIT_Base                 
00002d68  __TI_CINIT_Limit                
00002d40  __TI_Handler_Table_Base         
00002d4c  __TI_Handler_Table_Limit        
000029a5  __TI_auto_init                  
20000410  __TI_cleanup_ptr                
00002a83  __TI_decompress_lzss            
00002cbd  __TI_decompress_none            
20000414  __TI_dtors_ptr                  
20000418  __TI_enable_exit_profile_output 
ffffffff  __TI_pprof_out_hndl             
ffffffff  __TI_prof_data_size             
ffffffff  __TI_prof_data_start            
00000000  __TI_static_base__              
00002cd9  __TI_zero_init                  
0000281d  __aeabi_cdcmpeq                 
0000281d  __aeabi_cdcmple                 
000028a3  __aeabi_cdrcmple                
00002a15  __aeabi_d2f                     
00001f13  __aeabi_dadd                    
00002231  __aeabi_ddiv                    
0000248d  __aeabi_dmul                    
00001f09  __aeabi_dsub                    
00002be1  __aeabi_f2d                     
00002c19  __aeabi_i2d                     
00002929  __aeabi_memclr                  
00002929  __aeabi_memclr4                 
00002929  __aeabi_memclr8                 
00002781  __aeabi_memcpy                  
00002781  __aeabi_memcpy4                 
00002781  __aeabi_memcpy8                 
0000292b  __aeabi_memset                  
0000292b  __aeabi_memset4                 
0000292b  __aeabi_memset8                 
00002c47  __aeabi_ui2d                    
ffffffff  __binit__                       
ffffffff  __c_args__                      
000020bf  __mpu_init                      
2000fe00  __stack                         
00002c69  _args_main                      
00002aed  _c_int00                        
20000428  _lock                           
00002c8f  _nop                            
00002c87  _register_lock                  
00002c81  _register_unlock                
20000000  _sys_memory                     
00002367  _system_post_cinit              
00002ce5  _system_pre_init                
2000042c  _unlock                         
00002b45  abort                           
00000ae5  add_To_Buffer                   
ffffffff  binit                           
00001805  buffer_Full_Config              
00001825  buzzer_Config                   
00001261  calloc                          
00000de9  clear_Buffer                    
000012bd  configure_clocks                
00002b95  copy_in                         
00002c95  copysign                        
00002c95  copysignl                       
00000c77  currentSize                     
20000430  errno                           
00002b4d  exit                            
00000fab  free                            
000014fb  ftoa                            
00000a91  initialize_Circ_Buffer          
00001427  intToStr                        
00000000  interruptVectors                
00000c5f  is_Circ_Buf_Empty               
00000c3f  is_Circ_Buf_Full                
00001491  itoa                            
00002589  ldexp                           
00002589  ldexpl                          
00002369  main                            
20000434  main_func_sp                    
00000f41  malloc                          
00001175  memalign                        
00002781  memcpy                          
00002931  memset                          
00000ec1  minit                           
2000043c  myBuffer                        
20000404  myBufferPTR                     
000000e5  pow                             
000000e5  powl                            
00000c87  print                           
0000106d  realloc                         
00000b7b  remove_From_Buffer              
000013d5  reverse                         
00002589  scalbn                          
00002589  scalbnl                         
000020c1  sqrt                            
000020c1  sqrtl                           
00002ca9  strlen                          
000026b1  timer_a0_config                 
0000166d  voltage_from_ADC                


GLOBAL SYMBOLS: SORTED BY Symbol Address 

address   name                            
-------   ----                            
00000000  __TI_static_base__              
00000000  interruptVectors                
000000e5  pow                             
000000e5  powl                            
00000200  __STACK_SIZE                    
00000400  __SYSMEM_SIZE                   
00000a91  initialize_Circ_Buffer          
00000ae5  add_To_Buffer                   
00000b7b  remove_From_Buffer              
00000c3f  is_Circ_Buf_Full                
00000c5f  is_Circ_Buf_Empty               
00000c77  currentSize                     
00000c87  print                           
00000de9  clear_Buffer                    
00000ec1  minit                           
00000f41  malloc                          
00000fab  free                            
0000106d  realloc                         
00001175  memalign                        
00001261  calloc                          
000012bd  configure_clocks                
000012f3  UART_config                     
0000137b  UART_putchar                    
00001397  UART_putchar_n                  
000013d5  reverse                         
00001427  intToStr                        
00001491  itoa                            
000014fb  ftoa                            
000015b9  EUSCIA0_IRQHandler              
000015b9  EUSCIA0_IRQHandler              
0000166d  voltage_from_ADC                
000016df  Temperature_from_voltage_Celsius
00001755  Button_Interrupt_Config         
00001805  buffer_Full_Config              
00001825  buzzer_Config                   
00001885  PORT1_IRQHandler                
00001885  PORT1_IRQHandler                
000018c7  PORT5_IRQHandler                
000018c7  PORT5_IRQHandler                
00001975  SystemCoreClockUpdate           
00001be9  SystemInit                      
00001ccd  ADC_CONFIG                      
00001d1f  ADC_CONFIG_Accelerometer        
00001dbb  ADC_CONFIG_Joystick             
00001e57  ADC14_IRQHandler                
00001e57  ADC14_IRQHandler                
00001f09  __aeabi_dsub                    
00001f13  __aeabi_dadd                    
000020bf  __mpu_init                      
000020c1  sqrt                            
000020c1  sqrtl                           
00002231  __aeabi_ddiv                    
00002367  _system_post_cinit              
00002369  main                            
0000248d  __aeabi_dmul                    
00002589  ldexp                           
00002589  ldexpl                          
00002589  scalbn                          
00002589  scalbnl                         
000026b1  timer_a0_config                 
000026ef  TA0_0_IRQHandler                
000026ef  TA0_0_IRQHandler                
0000271f  TA0_N_IRQHandler                
0000271f  TA0_N_IRQHandler                
00002781  __aeabi_memcpy                  
00002781  __aeabi_memcpy4                 
00002781  __aeabi_memcpy8                 
00002781  memcpy                          
0000281d  __aeabi_cdcmpeq                 
0000281d  __aeabi_cdcmple                 
000028a3  __aeabi_cdrcmple                
00002929  __aeabi_memclr                  
00002929  __aeabi_memclr4                 
00002929  __aeabi_memclr8                 
0000292b  __aeabi_memset                  
0000292b  __aeabi_memset4                 
0000292b  __aeabi_memset8                 
00002931  memset                          
000029a5  __TI_auto_init                  
00002a15  __aeabi_d2f                     
00002a83  __TI_decompress_lzss            
00002aed  _c_int00                        
00002b41  C$$EXIT                         
00002b45  abort                           
00002b4d  exit                            
00002b95  copy_in                         
00002be1  __aeabi_f2d                     
00002c19  __aeabi_i2d                     
00002c47  __aeabi_ui2d                    
00002c69  _args_main                      
00002c81  _register_unlock                
00002c87  _register_lock                  
00002c8f  _nop                            
00002c95  copysign                        
00002c95  copysignl                       
00002ca9  strlen                          
00002cbd  __TI_decompress_none            
00002ccb  Reset_Handler                   
00002cd7  AES256_IRQHandler               
00002cd7  BusFault_Handler                
00002cd7  COMP_E0_IRQHandler              
00002cd7  COMP_E1_IRQHandler              
00002cd7  CS_IRQHandler                   
00002cd7  DMA_ERR_IRQHandler              
00002cd7  DMA_INT0_IRQHandler             
00002cd7  DMA_INT1_IRQHandler             
00002cd7  DMA_INT2_IRQHandler             
00002cd7  DMA_INT3_IRQHandler             
00002cd7  DebugMon_Handler                
00002cd7  Default_Handler                 
00002cd7  EUSCIA1_IRQHandler              
00002cd7  EUSCIA2_IRQHandler              
00002cd7  EUSCIA3_IRQHandler              
00002cd7  EUSCIB0_IRQHandler              
00002cd7  EUSCIB1_IRQHandler              
00002cd7  EUSCIB2_IRQHandler              
00002cd7  EUSCIB3_IRQHandler              
00002cd7  FLCTL_IRQHandler                
00002cd7  FPU_IRQHandler                  
00002cd7  HardFault_Handler               
00002cd7  MemManage_Handler               
00002cd7  NMI_Handler                     
00002cd7  PCM_IRQHandler                  
00002cd7  PORT2_IRQHandler                
00002cd7  PORT3_IRQHandler                
00002cd7  PORT4_IRQHandler                
00002cd7  PORT6_IRQHandler                
00002cd7  PSS_IRQHandler                  
00002cd7  PendSV_Handler                  
00002cd7  RTC_C_IRQHandler                
00002cd7  SVC_Handler                     
00002cd7  SysTick_Handler                 
00002cd7  T32_INT1_IRQHandler             
00002cd7  T32_INT2_IRQHandler             
00002cd7  T32_INTC_IRQHandler             
00002cd7  TA1_0_IRQHandler                
00002cd7  TA1_N_IRQHandler                
00002cd7  TA2_0_IRQHandler                
00002cd7  TA2_N_IRQHandler                
00002cd7  TA3_0_IRQHandler                
00002cd7  TA3_N_IRQHandler                
00002cd7  UsageFault_Handler              
00002cd7  WDT_A_IRQHandler                
00002cd9  __TI_zero_init                  
00002ce5  _system_pre_init                
00002d40  __TI_Handler_Table_Base         
00002d4c  __TI_Handler_Table_Limit        
00002d58  __TI_CINIT_Base                 
00002d68  __TI_CINIT_Limit                
20000000  _sys_memory                     
20000400  FLAG_Collect_Data               
20000401  Calculate_Stats                 
20000404  myBufferPTR                     
20000408  X_ADC                           
2000040a  Y_ADC                           
2000040c  Z_ADC                           
2000040e  NADC_Temperature                
20000410  __TI_cleanup_ptr                
20000414  __TI_dtors_ptr                  
20000418  __TI_enable_exit_profile_output 
20000428  _lock                           
2000042c  _unlock                         
20000430  errno                           
20000434  main_func_sp                    
20000438  SystemCoreClock                 
2000043c  myBuffer                        
2000fe00  __stack                         
20010000  __STACK_END                     
4000480c  WDTCTL_SYM                      
ffffffff  __TI_pprof_out_hndl             
ffffffff  __TI_prof_data_size             
ffffffff  __TI_prof_data_start            
ffffffff  __binit__                       
ffffffff  __c_args__                      
ffffffff  binit                           
UNDEFED   SHT$$INIT_ARRAY$$Base           
UNDEFED   SHT$$INIT_ARRAY$$Limit          

[177 symbols]
