******************************************************************************
                  TI ARM Linker PC v16.9.4                     
******************************************************************************
>> Linked Sun Oct 22 18:35:35 2017

OUTPUT FILE NAME:   <adc_lab4.out>
ENTRY POINT SYMBOL: "_c_int00"  address: 00001045


MEMORY CONFIGURATION

         name            origin    length      used     unused   attr    fill
----------------------  --------  ---------  --------  --------  ----  --------
  MAIN                  00000000   00040000  000011b8  0003ee48  R  X
  INFO                  00200000   00004000  00000000  00004000  R  X
  SRAM_CODE             01000000   00010000  00000629  0000f9d7  RW X
  SRAM_DATA             20000000   00010000  00000629  0000f9d7  RW  


SEGMENT ALLOCATION MAP

run origin  load origin   length   init length attrs members
----------  ----------- ---------- ----------- ----- -------
00000000    00000000    000011b8   000011b8    r-x
  00000000    00000000    000000e4   000000e4    r-- .intvecs
  000000e4    000000e4    000010a4   000010a4    r-x .text
  00001188    00001188    00000030   00000030    r-- .cinit
20000000    20000000    00000429   00000000    rw-
  20000000    20000000    00000400   00000000    rw- .sysmem
  20000400    20000400    00000029   00000000    rw- .data
2000fe00    2000fe00    00000200   00000000    rw-
  2000fe00    2000fe00    00000200   00000000    rw- .stack


SECTION ALLOCATION MAP

 output                                  attributes/
section   page    origin      length       input sections
--------  ----  ----------  ----------   ----------------
.intvecs   0    00000000    000000e4     
                  00000000    000000e4     startup_msp432p401r_ccs.obj (.intvecs:retain)

.binit     0    00000000    00000000     

.text      0    000000e4    000010a4     
                  000000e4    000003d0     rtsv7M4_T_le_v4SPD16_eabi.lib : memory.obj (.text)
                  000004b4    0000032c     system_msp432p401r.obj (.text)
                  000007e0    00000314     circ_buffer_basic.obj (.text)
                  00000af4    00000198     uart.obj (.text)
                  00000c8c    000000fc     timer.obj (.text)
                  00000d88    000000d0     adc_driver.obj (.text)
                  00000e58    0000009c     rtsv7M4_T_le_v4SPD16_eabi.lib : memcpy_t2.obj (.text)
                  00000ef4    00000078     main.obj (.text)
                  00000f6c    00000070     rtsv7M4_T_le_v4SPD16_eabi.lib : autoinit.obj (.text)
                  00000fdc    00000068                                   : copy_decompress_lzss.obj (.text:decompress:lzss)
                  00001044    00000054                                   : boot.obj (.text)
                  00001098    00000054                                   : exit.obj (.text)
                  000010ec    0000004c                                   : cpy_tbl.obj (.text)
                  00001138    00000018                                   : args_main.obj (.text)
                  00001150    00000014                                   : _lock.obj (.text)
                  00001164    0000000e                                   : copy_decompress_none.obj (.text:decompress:none)
                  00001172    0000000e     startup_msp432p401r_ccs.obj (.text)
                  00001180    00000004     rtsv7M4_T_le_v4SPD16_eabi.lib : pre_init.obj (.text)
                  00001184    00000002                                   : mpu_init.obj (.text)
                  00001186    00000002                                   : startup.obj (.text)

.cinit     0    00001188    00000030     
                  00001188    0000001d     (.cinit..data.load) [load image, compression = lzss]
                  000011a5    00000003     --HOLE-- [fill = 0]
                  000011a8    00000008     (__TI_handler_table)
                  000011b0    00000008     (__TI_cinit_table)

.init_array 
*          0    00000000    00000000     UNINITIALIZED

.sysmem    0    20000000    00000400     UNINITIALIZED
                  20000000    00000008     rtsv7M4_T_le_v4SPD16_eabi.lib : memory.obj (.sysmem)
                  20000008    000003f8     --HOLE--

.data      0    20000400    00000029     UNINITIALIZED
                  20000400    0000000c     rtsv7M4_T_le_v4SPD16_eabi.lib : exit.obj (.data:$O1$$)
                  2000040c    0000000c                                   : memory.obj (.data:$O1$$)
                  20000418    00000008                                   : _lock.obj (.data:$O1$$)
                  20000420    00000004                                   : stkdepth_vars.obj (.data)
                  20000424    00000004     system_msp432p401r.obj (.data)
                  20000428    00000001     main.obj (.data)

.stack     0    2000fe00    00000200     UNINITIALIZED
                  2000fe00    00000200     --HOLE--

MODULE SUMMARY

       Module                        code   ro data   rw data
       ------                        ----   -------   -------
    .\
       system_msp432p401r.obj        812    0         8      
       circ_buffer_basic.obj         788    0         0      
       uart.obj                      408    0         0      
       timer.obj                     252    0         0      
       startup_msp432p401r_ccs.obj   14     228       0      
       adc_driver.obj                208    0         0      
       main.obj                      120    0         2      
    +--+-----------------------------+------+---------+---------+
       Total:                        2602   228       10     
                                                             
    C:\Users\kwat1\Documents\ccsv7\tools\compiler\ti-cgt-arm_16.9.4.LTS\lib\rtsv7M4_T_le_v4SPD16_eabi.lib
       memory.obj                    976    0         24     
       memcpy_t2.obj                 156    0         0      
       autoinit.obj                  112    0         0      
       exit.obj                      84     0         24     
       copy_decompress_lzss.obj      104    0         0      
       boot.obj                      84     0         0      
       cpy_tbl.obj                   76     0         0      
       _lock.obj                     20     0         16     
       args_main.obj                 24     0         0      
       copy_decompress_none.obj      14     0         0      
       stkdepth_vars.obj             0      0         8      
       pre_init.obj                  4      0         0      
       mpu_init.obj                  2      0         0      
       startup.obj                   2      0         0      
    +--+-----------------------------+------+---------+---------+
       Total:                        1658   0         72     
                                                             
       Heap:                         0      0         2048   
       Stack:                        0      0         1024   
       Linker Generated:             0      45        0      
    +--+-----------------------------+------+---------+---------+
       Grand Total:                  4260   273       3154   


LINKER GENERATED COPY TABLES

__TI_cinit_table @ 000011b0 records: 1, size/record: 8, table size: 8
	.data: load addr=00001188, load size=0000001d bytes, run addr=20000400, run size=00000029 bytes, compression=lzss


LINKER GENERATED HANDLER TABLE

__TI_handler_table @ 000011a8 records: 2, size/record: 4, table size: 8
	index: 0, handler: __TI_decompress_lzss
	index: 1, handler: __TI_decompress_none


GLOBAL SYMBOLS: SORTED ALPHABETICALLY BY Name 

address   name                           
-------   ----                           
00000e07  ADC14_IRQHandler               
00000e07  ADC14_IRQHandler               
00000db5  ADC_CONFIG                     
0000117f  AES256_IRQHandler              
0000117f  BusFault_Handler               
00001099  C$$EXIT                        
0000117f  COMP_E0_IRQHandler             
0000117f  COMP_E1_IRQHandler             
0000117f  CS_IRQHandler                  
UNDEFED   Calculate_Stats                
0000117f  DMA_ERR_IRQHandler             
0000117f  DMA_INT0_IRQHandler            
0000117f  DMA_INT1_IRQHandler            
0000117f  DMA_INT2_IRQHandler            
0000117f  DMA_INT3_IRQHandler            
0000117f  DebugMon_Handler               
0000117f  Default_Handler                
00000bff  EUSCIA0_IRQHandler             
00000bff  EUSCIA0_IRQHandler             
0000117f  EUSCIA1_IRQHandler             
0000117f  EUSCIA2_IRQHandler             
0000117f  EUSCIA3_IRQHandler             
0000117f  EUSCIB0_IRQHandler             
0000117f  EUSCIB1_IRQHandler             
0000117f  EUSCIB2_IRQHandler             
0000117f  EUSCIB3_IRQHandler             
20000428  FLAG_Collect_Data              
0000117f  FLCTL_IRQHandler               
0000117f  FPU_IRQHandler                 
0000117f  HardFault_Handler              
0000117f  MemManage_Handler              
0000117f  NMI_Handler                    
0000117f  PCM_IRQHandler                 
0000117f  PORT1_IRQHandler               
0000117f  PORT2_IRQHandler               
0000117f  PORT3_IRQHandler               
0000117f  PORT4_IRQHandler               
0000117f  PORT5_IRQHandler               
0000117f  PORT6_IRQHandler               
0000117f  PSS_IRQHandler                 
0000117f  PendSV_Handler                 
0000117f  RTC_C_IRQHandler               
00001173  Reset_Handler                  
UNDEFED   SHT$$INIT_ARRAY$$Base          
UNDEFED   SHT$$INIT_ARRAY$$Limit         
0000117f  SVC_Handler                    
0000117f  SysTick_Handler                
20000424  SystemCoreClock                
000004b5  SystemCoreClockUpdate          
00000729  SystemInit                     
0000117f  T32_INT1_IRQHandler            
0000117f  T32_INT2_IRQHandler            
0000117f  T32_INTC_IRQHandler            
00000cf7  TA0_0_IRQHandler               
00000cf7  TA0_0_IRQHandler               
00000d27  TA0_N_IRQHandler               
00000d27  TA0_N_IRQHandler               
0000117f  TA1_0_IRQHandler               
0000117f  TA1_N_IRQHandler               
0000117f  TA2_0_IRQHandler               
0000117f  TA2_N_IRQHandler               
0000117f  TA3_0_IRQHandler               
0000117f  TA3_N_IRQHandler               
00000b21  UART_config                    
00000ba5  UART_putchar                   
0000117f  UsageFault_Handler             
4000480c  WDTCTL_SYM                     
0000117f  WDT_A_IRQHandler               
20010000  __STACK_END                    
00000200  __STACK_SIZE                   
00000400  __SYSMEM_SIZE                  
000011b0  __TI_CINIT_Base                
000011b8  __TI_CINIT_Limit               
000011a8  __TI_Handler_Table_Base        
000011b0  __TI_Handler_Table_Limit       
00000f6d  __TI_auto_init                 
20000400  __TI_cleanup_ptr               
00000fdd  __TI_decompress_lzss           
00001165  __TI_decompress_none           
20000404  __TI_dtors_ptr                 
20000408  __TI_enable_exit_profile_output
ffffffff  __TI_pprof_out_hndl            
ffffffff  __TI_prof_data_size            
ffffffff  __TI_prof_data_start           
00000000  __TI_static_base__             
00000e59  __aeabi_memcpy                 
00000e59  __aeabi_memcpy4                
00000e59  __aeabi_memcpy8                
ffffffff  __binit__                      
ffffffff  __c_args__                     
00001185  __mpu_init                     
2000fe00  __stack                        
00001139  _args_main                     
00001045  _c_int00                       
20000418  _lock                          
0000115f  _nop                           
00001157  _register_lock                 
00001151  _register_unlock               
20000000  _sys_memory                    
00001187  _system_post_cinit             
00001181  _system_pre_init               
2000041c  _unlock                        
0000109d  abort                          
00000833  add_To_Buffer                  
ffffffff  binit                          
00000485  calloc                         
00000a69  clear_Buffer                   
000010ed  copy_in                        
000009d9  currentSize                    
000010a5  exit                           
000001cf  free                           
000007e1  initialize_Circ_Buffer         
00000000  interruptVectors               
000009c1  is_Circ_Buf_Empty              
000009a1  is_Circ_Buf_Full               
00000ef5  main                           
20000420  main_func_sp                   
00000165  malloc                         
00000399  memalign                       
00000e59  memcpy                         
000000e5  minit                          
UNDEFED   myBufferPTR                    
000009eb  print                          
00000291  realloc                        
000008df  remove_From_Buffer             
00000cb9  timer_a0_config                
00000bc1  uart_putchar_n                 


GLOBAL SYMBOLS: SORTED BY Symbol Address 

address   name                           
-------   ----                           
00000000  __TI_static_base__             
00000000  interruptVectors               
000000e5  minit                          
00000165  malloc                         
000001cf  free                           
00000200  __STACK_SIZE                   
00000291  realloc                        
00000399  memalign                       
00000400  __SYSMEM_SIZE                  
00000485  calloc                         
000004b5  SystemCoreClockUpdate          
00000729  SystemInit                     
000007e1  initialize_Circ_Buffer         
00000833  add_To_Buffer                  
000008df  remove_From_Buffer             
000009a1  is_Circ_Buf_Full               
000009c1  is_Circ_Buf_Empty              
000009d9  currentSize                    
000009eb  print                          
00000a69  clear_Buffer                   
00000b21  UART_config                    
00000ba5  UART_putchar                   
00000bc1  uart_putchar_n                 
00000bff  EUSCIA0_IRQHandler             
00000bff  EUSCIA0_IRQHandler             
00000cb9  timer_a0_config                
00000cf7  TA0_0_IRQHandler               
00000cf7  TA0_0_IRQHandler               
00000d27  TA0_N_IRQHandler               
00000d27  TA0_N_IRQHandler               
00000db5  ADC_CONFIG                     
00000e07  ADC14_IRQHandler               
00000e07  ADC14_IRQHandler               
00000e59  __aeabi_memcpy                 
00000e59  __aeabi_memcpy4                
00000e59  __aeabi_memcpy8                
00000e59  memcpy                         
00000ef5  main                           
00000f6d  __TI_auto_init                 
00000fdd  __TI_decompress_lzss           
00001045  _c_int00                       
00001099  C$$EXIT                        
0000109d  abort                          
000010a5  exit                           
000010ed  copy_in                        
00001139  _args_main                     
00001151  _register_unlock               
00001157  _register_lock                 
0000115f  _nop                           
00001165  __TI_decompress_none           
00001173  Reset_Handler                  
0000117f  AES256_IRQHandler              
0000117f  BusFault_Handler               
0000117f  COMP_E0_IRQHandler             
0000117f  COMP_E1_IRQHandler             
0000117f  CS_IRQHandler                  
0000117f  DMA_ERR_IRQHandler             
0000117f  DMA_INT0_IRQHandler            
0000117f  DMA_INT1_IRQHandler            
0000117f  DMA_INT2_IRQHandler            
0000117f  DMA_INT3_IRQHandler            
0000117f  DebugMon_Handler               
0000117f  Default_Handler                
0000117f  EUSCIA1_IRQHandler             
0000117f  EUSCIA2_IRQHandler             
0000117f  EUSCIA3_IRQHandler             
0000117f  EUSCIB0_IRQHandler             
0000117f  EUSCIB1_IRQHandler             
0000117f  EUSCIB2_IRQHandler             
0000117f  EUSCIB3_IRQHandler             
0000117f  FLCTL_IRQHandler               
0000117f  FPU_IRQHandler                 
0000117f  HardFault_Handler              
0000117f  MemManage_Handler              
0000117f  NMI_Handler                    
0000117f  PCM_IRQHandler                 
0000117f  PORT1_IRQHandler               
0000117f  PORT2_IRQHandler               
0000117f  PORT3_IRQHandler               
0000117f  PORT4_IRQHandler               
0000117f  PORT5_IRQHandler               
0000117f  PORT6_IRQHandler               
0000117f  PSS_IRQHandler                 
0000117f  PendSV_Handler                 
0000117f  RTC_C_IRQHandler               
0000117f  SVC_Handler                    
0000117f  SysTick_Handler                
0000117f  T32_INT1_IRQHandler            
0000117f  T32_INT2_IRQHandler            
0000117f  T32_INTC_IRQHandler            
0000117f  TA1_0_IRQHandler               
0000117f  TA1_N_IRQHandler               
0000117f  TA2_0_IRQHandler               
0000117f  TA2_N_IRQHandler               
0000117f  TA3_0_IRQHandler               
0000117f  TA3_N_IRQHandler               
0000117f  UsageFault_Handler             
0000117f  WDT_A_IRQHandler               
00001181  _system_pre_init               
00001185  __mpu_init                     
00001187  _system_post_cinit             
000011a8  __TI_Handler_Table_Base        
000011b0  __TI_CINIT_Base                
000011b0  __TI_Handler_Table_Limit       
000011b8  __TI_CINIT_Limit               
20000000  _sys_memory                    
20000400  __TI_cleanup_ptr               
20000404  __TI_dtors_ptr                 
20000408  __TI_enable_exit_profile_output
20000418  _lock                          
2000041c  _unlock                        
20000420  main_func_sp                   
20000424  SystemCoreClock                
20000428  FLAG_Collect_Data              
2000fe00  __stack                        
20010000  __STACK_END                    
4000480c  WDTCTL_SYM                     
ffffffff  __TI_pprof_out_hndl            
ffffffff  __TI_prof_data_size            
ffffffff  __TI_prof_data_start           
ffffffff  __binit__                      
ffffffff  __c_args__                     
ffffffff  binit                          
UNDEFED   Calculate_Stats                
UNDEFED   SHT$$INIT_ARRAY$$Base          
UNDEFED   SHT$$INIT_ARRAY$$Limit         
UNDEFED   myBufferPTR                    

[127 symbols]
