******************************************************************************
                  TI ARM Linker PC v16.9.4                     
******************************************************************************
>> Linked Sun Oct 22 22:37:01 2017

OUTPUT FILE NAME:   <adc_lab4.out>
ENTRY POINT SYMBOL: "_c_int00"  address: 0000125d


MEMORY CONFIGURATION

         name            origin    length      used     unused   attr    fill
----------------------  --------  ---------  --------  --------  ----  --------
  MAIN                  00000000   00040000  000013fa  0003ec06  R  X
  INFO                  00200000   00004000  00000000  00004000  R  X
  SRAM_CODE             01000000   00010000  00000650  0000f9b0  RW X
  SRAM_DATA             20000000   00010000  00000650  0000f9b0  RW  


SEGMENT ALLOCATION MAP

run origin  load origin   length   init length attrs members
----------  ----------- ---------- ----------- ----- -------
00000000    00000000    00001400   00001400    r-x
  00000000    00000000    000000e4   000000e4    r-- .intvecs
  000000e4    000000e4    000012c6   000012c6    r-x .text
  000013b0    000013b0    00000050   00000050    r-- .cinit
20000000    20000000    00000450   00000000    rw-
  20000000    20000000    00000400   00000000    rw- .sysmem
  20000400    20000400    00000038   00000000    rw- .data
  20000438    20000438    00000018   00000000    rw- .bss
2000fe00    2000fe00    00000200   00000000    rw-
  2000fe00    2000fe00    00000200   00000000    rw- .stack


SECTION ALLOCATION MAP

 output                                  attributes/
section   page    origin      length       input sections
--------  ----  ----------  ----------   ----------------
.intvecs   0    00000000    000000e4     
                  00000000    000000e4     startup_msp432p401r_ccs.obj (.intvecs:retain)

.binit     0    00000000    00000000     

.text      0    000000e4    000012c6     
                  000000e4    000003d0     rtsv7M4_T_le_v4SPD16_eabi.lib : memory.obj (.text)
                  000004b4    0000032c     system_msp432p401r.obj (.text)
                  000007e0    000002bc     Circular_Buffer_8_bit.obj (.text)
                  00000a9c    00000260     adc_driver.obj (.text)
                  00000cfc    000001e0     uart.obj (.text)
                  00000edc    000000fc     timer.obj (.text)
                  00000fd8    0000009c     rtsv7M4_T_le_v4SPD16_eabi.lib : memcpy_t2.obj (.text)
                  00001074    00000094     main.obj (.text)
                  00001108    0000007a     rtsv7M4_T_le_v4SPD16_eabi.lib : memset_t2.obj (.text)
                  00001182    00000002                                   : mpu_init.obj (.text)
                  00001184    00000070                                   : autoinit.obj (.text)
                  000011f4    00000068                                   : copy_decompress_lzss.obj (.text:decompress:lzss)
                  0000125c    00000054                                   : boot.obj (.text)
                  000012b0    00000054                                   : exit.obj (.text)
                  00001304    0000004c                                   : cpy_tbl.obj (.text)
                  00001350    00000018                                   : args_main.obj (.text)
                  00001368    00000014                                   : _lock.obj (.text)
                  0000137c    0000000e                                   : copy_decompress_none.obj (.text:decompress:none)
                  0000138a    0000000e     startup_msp432p401r_ccs.obj (.text)
                  00001398    0000000c     rtsv7M4_T_le_v4SPD16_eabi.lib : copy_zero_init.obj (.text:decompress:ZI)
                  000013a4    00000004                                   : pre_init.obj (.text)
                  000013a8    00000002                                   : startup.obj (.text)

.cinit     0    000013b0    00000050     
                  000013b0    00000025     (.cinit..data.load) [load image, compression = lzss]
                  000013d5    00000003     --HOLE-- [fill = 0]
                  000013d8    0000000c     (__TI_handler_table)
                  000013e4    00000004     --HOLE-- [fill = 0]
                  000013e8    00000008     (.cinit..bss.load) [load image, compression = zero_init]
                  000013f0    00000010     (__TI_cinit_table)

.init_array 
*          0    00000000    00000000     UNINITIALIZED

.sysmem    0    20000000    00000400     UNINITIALIZED
                  20000000    00000008     rtsv7M4_T_le_v4SPD16_eabi.lib : memory.obj (.sysmem)
                  20000008    000003f8     --HOLE--

.data      0    20000400    00000038     UNINITIALIZED
                  20000400    0000000e     main.obj (.data)
                  2000040e    00000002     --HOLE--
                  20000410    0000000c     rtsv7M4_T_le_v4SPD16_eabi.lib : exit.obj (.data:$O1$$)
                  2000041c    0000000c                                   : memory.obj (.data:$O1$$)
                  20000428    00000008                                   : _lock.obj (.data:$O1$$)
                  20000430    00000004                                   : stkdepth_vars.obj (.data)
                  20000434    00000004     system_msp432p401r.obj (.data)

.bss       0    20000438    00000018     UNINITIALIZED
                  20000438    00000018     (.common:myBuffer)

.stack     0    2000fe00    00000200     UNINITIALIZED
                  2000fe00    00000200     --HOLE--

MODULE SUMMARY

       Module                        code   ro data   rw data
       ------                        ----   -------   -------
    .\
       system_msp432p401r.obj        812    0         8      
       Circular_Buffer_8_bit.obj     700    0         0      
       adc_driver.obj                608    0         0      
       uart.obj                      480    0         0      
       timer.obj                     252    0         0      
       startup_msp432p401r_ccs.obj   14     228       0      
       main.obj                      148    0         76     
    +--+-----------------------------+------+---------+---------+
       Total:                        3014   228       84     
                                                             
    C:\Users\kwat1\Documents\ccsv7\tools\compiler\ti-cgt-arm_16.9.4.LTS\lib\rtsv7M4_T_le_v4SPD16_eabi.lib
       memory.obj                    976    0         24     
       memcpy_t2.obj                 156    0         0      
       memset_t2.obj                 122    0         0      
       autoinit.obj                  112    0         0      
       exit.obj                      84     0         24     
       copy_decompress_lzss.obj      104    0         0      
       boot.obj                      84     0         0      
       cpy_tbl.obj                   76     0         0      
       _lock.obj                     20     0         16     
       args_main.obj                 24     0         0      
       copy_decompress_none.obj      14     0         0      
       copy_zero_init.obj            12     0         0      
       stkdepth_vars.obj             0      0         8      
       pre_init.obj                  4      0         0      
       mpu_init.obj                  2      0         0      
       startup.obj                   2      0         0      
    +--+-----------------------------+------+---------+---------+
       Total:                        1792   0         72     
                                                             
       Heap:                         0      0         2048   
       Stack:                        0      0         1024   
       Linker Generated:             0      73        0      
    +--+-----------------------------+------+---------+---------+
       Grand Total:                  4806   301       3228   


LINKER GENERATED COPY TABLES

__TI_cinit_table @ 000013f0 records: 2, size/record: 8, table size: 16
	.data: load addr=000013b0, load size=00000025 bytes, run addr=20000400, run size=00000038 bytes, compression=lzss
	.bss: load addr=000013e8, load size=00000008 bytes, run addr=20000438, run size=00000018 bytes, compression=zero_init


LINKER GENERATED HANDLER TABLE

__TI_handler_table @ 000013d8 records: 3, size/record: 4, table size: 12
	index: 0, handler: __TI_decompress_lzss
	index: 1, handler: __TI_decompress_none
	index: 2, handler: __TI_zero_init


GLOBAL SYMBOLS: SORTED ALPHABETICALLY BY Name 

address   name                           
-------   ----                           
00000c53  ADC14_IRQHandler               
00000c53  ADC14_IRQHandler               
00000ac9  ADC_CONFIG                     
00000b1b  ADC_CONFIG_Accelerometer       
00000bb7  ADC_CONFIG_Joystick            
00001397  AES256_IRQHandler              
00001397  BusFault_Handler               
000012b1  C$$EXIT                        
00001397  COMP_E0_IRQHandler             
00001397  COMP_E1_IRQHandler             
00001397  CS_IRQHandler                  
20000401  Calculate_Stats                
00001397  DMA_ERR_IRQHandler             
00001397  DMA_INT0_IRQHandler            
00001397  DMA_INT1_IRQHandler            
00001397  DMA_INT2_IRQHandler            
00001397  DMA_INT3_IRQHandler            
00001397  DebugMon_Handler               
00001397  Default_Handler                
00000e41  EUSCIA0_IRQHandler             
00000e41  EUSCIA0_IRQHandler             
00001397  EUSCIA1_IRQHandler             
00001397  EUSCIA2_IRQHandler             
00001397  EUSCIA3_IRQHandler             
00001397  EUSCIB0_IRQHandler             
00001397  EUSCIB1_IRQHandler             
00001397  EUSCIB2_IRQHandler             
00001397  EUSCIB3_IRQHandler             
20000400  FLAG_Collect_Data              
00001397  FLCTL_IRQHandler               
00001397  FPU_IRQHandler                 
00001397  HardFault_Handler              
00001397  MemManage_Handler              
00001397  NMI_Handler                    
00001397  PCM_IRQHandler                 
00001397  PORT1_IRQHandler               
00001397  PORT2_IRQHandler               
00001397  PORT3_IRQHandler               
00001397  PORT4_IRQHandler               
00001397  PORT5_IRQHandler               
00001397  PORT6_IRQHandler               
00001397  PSS_IRQHandler                 
00001397  PendSV_Handler                 
00001397  RTC_C_IRQHandler               
0000138b  Reset_Handler                  
UNDEFED   SHT$$INIT_ARRAY$$Base          
UNDEFED   SHT$$INIT_ARRAY$$Limit         
00001397  SVC_Handler                    
00001397  SysTick_Handler                
20000434  SystemCoreClock                
000004b5  SystemCoreClockUpdate          
00000729  SystemInit                     
00001397  T32_INT1_IRQHandler            
00001397  T32_INT2_IRQHandler            
00001397  T32_INTC_IRQHandler            
00000f47  TA0_0_IRQHandler               
00000f47  TA0_0_IRQHandler               
00000f77  TA0_N_IRQHandler               
00000f77  TA0_N_IRQHandler               
00001397  TA1_0_IRQHandler               
00001397  TA1_N_IRQHandler               
00001397  TA2_0_IRQHandler               
00001397  TA2_N_IRQHandler               
00001397  TA3_0_IRQHandler               
00001397  TA3_N_IRQHandler               
00000d5f  UART_config                    
00000de7  UART_putchar                   
00000e03  UART_putchar_n                 
00001397  UsageFault_Handler             
4000480c  WDTCTL_SYM                     
00001397  WDT_A_IRQHandler               
20000408  X_ADC                          
2000040a  Y_ADC                          
2000040c  Z_ADC                          
20010000  __STACK_END                    
00000200  __STACK_SIZE                   
00000400  __SYSMEM_SIZE                  
000013f0  __TI_CINIT_Base                
00001400  __TI_CINIT_Limit               
000013d8  __TI_Handler_Table_Base        
000013e4  __TI_Handler_Table_Limit       
00001185  __TI_auto_init                 
20000410  __TI_cleanup_ptr               
000011f5  __TI_decompress_lzss           
0000137d  __TI_decompress_none           
20000414  __TI_dtors_ptr                 
20000418  __TI_enable_exit_profile_output
ffffffff  __TI_pprof_out_hndl            
ffffffff  __TI_prof_data_size            
ffffffff  __TI_prof_data_start           
00000000  __TI_static_base__             
00001399  __TI_zero_init                 
00001109  __aeabi_memclr                 
00001109  __aeabi_memclr4                
00001109  __aeabi_memclr8                
00000fd9  __aeabi_memcpy                 
00000fd9  __aeabi_memcpy4                
00000fd9  __aeabi_memcpy8                
0000110b  __aeabi_memset                 
0000110b  __aeabi_memset4                
0000110b  __aeabi_memset8                
ffffffff  __binit__                      
ffffffff  __c_args__                     
00001183  __mpu_init                     
2000fe00  __stack                        
00001351  _args_main                     
0000125d  _c_int00                       
20000428  _lock                          
00001377  _nop                           
0000136f  _register_lock                 
00001369  _register_unlock               
20000000  _sys_memory                    
000013a9  _system_post_cinit             
000013a5  _system_pre_init               
2000042c  _unlock                        
000012b5  abort                          
00000833  add_To_Buffer                  
ffffffff  binit                          
00000485  calloc                         
00000a23  clear_Buffer                   
00000d29  configure_clocks               
00001305  copy_in                        
00000995  currentSize                    
000012bd  exit                           
000001cf  free                           
000007e1  initialize_Circ_Buffer         
00000000  interruptVectors               
0000097f  is_Circ_Buf_Empty              
00000963  is_Circ_Buf_Full               
00001075  main                           
20000430  main_func_sp                   
00000165  malloc                         
00000399  memalign                       
00000fd9  memcpy                         
00001111  memset                         
000000e5  minit                          
20000438  myBuffer                       
20000404  myBufferPTR                    
000009a5  print                          
00000291  realloc                        
000008c5  remove_From_Buffer             
00000f09  timer_a0_config                


GLOBAL SYMBOLS: SORTED BY Symbol Address 

address   name                           
-------   ----                           
00000000  __TI_static_base__             
00000000  interruptVectors               
000000e5  minit                          
00000165  malloc                         
000001cf  free                           
00000200  __STACK_SIZE                   
00000291  realloc                        
00000399  memalign                       
00000400  __SYSMEM_SIZE                  
00000485  calloc                         
000004b5  SystemCoreClockUpdate          
00000729  SystemInit                     
000007e1  initialize_Circ_Buffer         
00000833  add_To_Buffer                  
000008c5  remove_From_Buffer             
00000963  is_Circ_Buf_Full               
0000097f  is_Circ_Buf_Empty              
00000995  currentSize                    
000009a5  print                          
00000a23  clear_Buffer                   
00000ac9  ADC_CONFIG                     
00000b1b  ADC_CONFIG_Accelerometer       
00000bb7  ADC_CONFIG_Joystick            
00000c53  ADC14_IRQHandler               
00000c53  ADC14_IRQHandler               
00000d29  configure_clocks               
00000d5f  UART_config                    
00000de7  UART_putchar                   
00000e03  UART_putchar_n                 
00000e41  EUSCIA0_IRQHandler             
00000e41  EUSCIA0_IRQHandler             
00000f09  timer_a0_config                
00000f47  TA0_0_IRQHandler               
00000f47  TA0_0_IRQHandler               
00000f77  TA0_N_IRQHandler               
00000f77  TA0_N_IRQHandler               
00000fd9  __aeabi_memcpy                 
00000fd9  __aeabi_memcpy4                
00000fd9  __aeabi_memcpy8                
00000fd9  memcpy                         
00001075  main                           
00001109  __aeabi_memclr                 
00001109  __aeabi_memclr4                
00001109  __aeabi_memclr8                
0000110b  __aeabi_memset                 
0000110b  __aeabi_memset4                
0000110b  __aeabi_memset8                
00001111  memset                         
00001183  __mpu_init                     
00001185  __TI_auto_init                 
000011f5  __TI_decompress_lzss           
0000125d  _c_int00                       
000012b1  C$$EXIT                        
000012b5  abort                          
000012bd  exit                           
00001305  copy_in                        
00001351  _args_main                     
00001369  _register_unlock               
0000136f  _register_lock                 
00001377  _nop                           
0000137d  __TI_decompress_none           
0000138b  Reset_Handler                  
00001397  AES256_IRQHandler              
00001397  BusFault_Handler               
00001397  COMP_E0_IRQHandler             
00001397  COMP_E1_IRQHandler             
00001397  CS_IRQHandler                  
00001397  DMA_ERR_IRQHandler             
00001397  DMA_INT0_IRQHandler            
00001397  DMA_INT1_IRQHandler            
00001397  DMA_INT2_IRQHandler            
00001397  DMA_INT3_IRQHandler            
00001397  DebugMon_Handler               
00001397  Default_Handler                
00001397  EUSCIA1_IRQHandler             
00001397  EUSCIA2_IRQHandler             
00001397  EUSCIA3_IRQHandler             
00001397  EUSCIB0_IRQHandler             
00001397  EUSCIB1_IRQHandler             
00001397  EUSCIB2_IRQHandler             
00001397  EUSCIB3_IRQHandler             
00001397  FLCTL_IRQHandler               
00001397  FPU_IRQHandler                 
00001397  HardFault_Handler              
00001397  MemManage_Handler              
00001397  NMI_Handler                    
00001397  PCM_IRQHandler                 
00001397  PORT1_IRQHandler               
00001397  PORT2_IRQHandler               
00001397  PORT3_IRQHandler               
00001397  PORT4_IRQHandler               
00001397  PORT5_IRQHandler               
00001397  PORT6_IRQHandler               
00001397  PSS_IRQHandler                 
00001397  PendSV_Handler                 
00001397  RTC_C_IRQHandler               
00001397  SVC_Handler                    
00001397  SysTick_Handler                
00001397  T32_INT1_IRQHandler            
00001397  T32_INT2_IRQHandler            
00001397  T32_INTC_IRQHandler            
00001397  TA1_0_IRQHandler               
00001397  TA1_N_IRQHandler               
00001397  TA2_0_IRQHandler               
00001397  TA2_N_IRQHandler               
00001397  TA3_0_IRQHandler               
00001397  TA3_N_IRQHandler               
00001397  UsageFault_Handler             
00001397  WDT_A_IRQHandler               
00001399  __TI_zero_init                 
000013a5  _system_pre_init               
000013a9  _system_post_cinit             
000013d8  __TI_Handler_Table_Base        
000013e4  __TI_Handler_Table_Limit       
000013f0  __TI_CINIT_Base                
00001400  __TI_CINIT_Limit               
20000000  _sys_memory                    
20000400  FLAG_Collect_Data              
20000401  Calculate_Stats                
20000404  myBufferPTR                    
20000408  X_ADC                          
2000040a  Y_ADC                          
2000040c  Z_ADC                          
20000410  __TI_cleanup_ptr               
20000414  __TI_dtors_ptr                 
20000418  __TI_enable_exit_profile_output
20000428  _lock                          
2000042c  _unlock                        
20000430  main_func_sp                   
20000434  SystemCoreClock                
20000438  myBuffer                       
2000fe00  __stack                        
20010000  __STACK_END                    
4000480c  WDTCTL_SYM                     
ffffffff  __TI_pprof_out_hndl            
ffffffff  __TI_prof_data_size            
ffffffff  __TI_prof_data_start           
ffffffff  __binit__                      
ffffffff  __c_args__                     
ffffffff  binit                          
UNDEFED   SHT$$INIT_ARRAY$$Base          
UNDEFED   SHT$$INIT_ARRAY$$Limit         

[142 symbols]
